Component: ARM Compiler 6.16 Tool: armlink [5dfeaa00]

==============================================================================

Section Cross References

    system_py32md3xx.o(.text.SystemCoreClockUpdate) refers to system_py32md3xx.o(.rodata.HSIFreqTable) for HSIFreqTable
    system_py32md3xx.o(.text.SystemCoreClockUpdate) refers to system_py32md3xx.o(.data.SystemCoreClock) for SystemCoreClock
    system_py32md3xx.o(.text.SystemCoreClockUpdate) refers to system_py32md3xx.o(.rodata.AHBPrescTable) for AHBPrescTable
    system_py32md3xx.o(.ARM.exidx.text.SystemCoreClockUpdate) refers to system_py32md3xx.o(.text.SystemCoreClockUpdate) for [Anonymous Symbol]
    system_py32md3xx.o(.ARM.exidx.text.SystemInit) refers to system_py32md3xx.o(.text.SystemInit) for [Anonymous Symbol]
    system_py32md3xx.o(.text.$Sub$$main) refers to main.o(.text.main) for $Super$$main
    system_py32md3xx.o(.text.$Sub$$main) refers to system_py32md3xx.o(.ARM.__at_0x20000000) for VECT_SRAM_TAB
    system_py32md3xx.o(.ARM.exidx.text.$Sub$$main) refers to system_py32md3xx.o(.text.$Sub$$main) for [Anonymous Symbol]
    startup_py32md320xx.o(RESET) refers to startup_py32md320xx.o(STACK) for __initial_sp
    startup_py32md320xx.o(RESET) refers to startup_py32md320xx.o(.text) for Reset_Handler
    startup_py32md320xx.o(RESET) refers to py32md3xx_it.o(.text.NMI_Handler) for NMI_Handler
    startup_py32md320xx.o(RESET) refers to py32md3xx_it.o(.text.HardFault_Handler) for HardFault_Handler
    startup_py32md320xx.o(RESET) refers to py32md3xx_it.o(.text.SVC_Handler) for SVC_Handler
    startup_py32md320xx.o(RESET) refers to py32md3xx_it.o(.text.PendSV_Handler) for PendSV_Handler
    startup_py32md320xx.o(RESET) refers to py32md3xx_it.o(.text.SysTick_Handler) for SysTick_Handler
    startup_py32md320xx.o(RESET) refers to py32md3xx_it.o(.text.TIM1_BRK_UP_TRG_COM_IRQHandler) for TIM1_BRK_UP_TRG_COM_IRQHandler
    startup_py32md320xx.o(RESET) refers to py32md3xx_it.o(.text.USART2_IRQHandler) for USART2_IRQHandler
    startup_py32md320xx.o(.text) refers to system_py32md3xx.o(.text.SystemInit) for SystemInit
    startup_py32md320xx.o(.text) refers to entry.o(.ARM.Collect$$$$00000000) for __main
    main.o(.text.Save_MotorConf) refers to main.o(.text.LL_FLASH_Unlock) for LL_FLASH_Unlock
    main.o(.text.Save_MotorConf) refers to memseta.o(.text) for __aeabi_memset4
    main.o(.text.Save_MotorConf) refers to main.o(.text.LL_FLASH_EnableIT_EOP) for LL_FLASH_EnableIT_EOP
    main.o(.text.Save_MotorConf) refers to main.o(.text.LL_FLASH_EnablePageProgram) for LL_FLASH_EnablePageProgram
    main.o(.text.Save_MotorConf) refers to main.o(.text.LL_FLASH_PageProgram) for LL_FLASH_PageProgram
    main.o(.text.Save_MotorConf) refers to main.o(.text.LL_FLASH_IsActiveFlag_BUSY) for LL_FLASH_IsActiveFlag_BUSY
    main.o(.text.Save_MotorConf) refers to main.o(.text.LL_FLASH_IsActiveFlag_EOP) for LL_FLASH_IsActiveFlag_EOP
    main.o(.text.Save_MotorConf) refers to main.o(.text.LL_FLASH_ClearFlag_EOP) for LL_FLASH_ClearFlag_EOP
    main.o(.text.Save_MotorConf) refers to main.o(.text.LL_FLASH_DisableIT_EOP) for LL_FLASH_DisableIT_EOP
    main.o(.text.Save_MotorConf) refers to main.o(.text.LL_FLASH_DisablePageProgram) for LL_FLASH_DisablePageProgram
    main.o(.text.Save_MotorConf) refers to main.o(.text.LL_FLASH_Lock) for LL_FLASH_Lock
    main.o(.text.Save_MotorConf) refers to main.o(.bss.flash_buffer) for flash_buffer
    main.o(.text.Save_MotorConf) refers to py32md3xx_it.o(.bss.conf) for conf
    main.o(.ARM.exidx.text.Save_MotorConf) refers to main.o(.text.Save_MotorConf) for [Anonymous Symbol]
    main.o(.ARM.exidx.text.LL_FLASH_Unlock) refers to main.o(.text.LL_FLASH_Unlock) for [Anonymous Symbol]
    main.o(.ARM.exidx.text.LL_FLASH_EnableIT_EOP) refers to main.o(.text.LL_FLASH_EnableIT_EOP) for [Anonymous Symbol]
    main.o(.ARM.exidx.text.LL_FLASH_EnablePageProgram) refers to main.o(.text.LL_FLASH_EnablePageProgram) for [Anonymous Symbol]
    main.o(.text.LL_FLASH_PageProgram) refers to main.o(.text.LL_FLASH_EnablePageProgramStart) for LL_FLASH_EnablePageProgramStart
    main.o(.text.LL_FLASH_PageProgram) refers to main.o(.bss.flash_buffer) for flash_buffer
    main.o(.ARM.exidx.text.LL_FLASH_PageProgram) refers to main.o(.text.LL_FLASH_PageProgram) for [Anonymous Symbol]
    main.o(.ARM.exidx.text.LL_FLASH_IsActiveFlag_BUSY) refers to main.o(.text.LL_FLASH_IsActiveFlag_BUSY) for [Anonymous Symbol]
    main.o(.ARM.exidx.text.LL_FLASH_IsActiveFlag_EOP) refers to main.o(.text.LL_FLASH_IsActiveFlag_EOP) for [Anonymous Symbol]
    main.o(.ARM.exidx.text.LL_FLASH_ClearFlag_EOP) refers to main.o(.text.LL_FLASH_ClearFlag_EOP) for [Anonymous Symbol]
    main.o(.ARM.exidx.text.LL_FLASH_DisableIT_EOP) refers to main.o(.text.LL_FLASH_DisableIT_EOP) for [Anonymous Symbol]
    main.o(.ARM.exidx.text.LL_FLASH_DisablePageProgram) refers to main.o(.text.LL_FLASH_DisablePageProgram) for [Anonymous Symbol]
[...]
    Removing py32md3xx_ll_usart.o(.ARM.exidx.text.LL_USART_DeInit), (8 bytes).
    Removing py32md3xx_ll_usart.o(.text.LL_APB1_GRP2_ForceReset), (20 bytes).
    Removing py32md3xx_ll_usart.o(.ARM.exidx.text.LL_APB1_GRP2_ForceReset), (8 bytes).
    Removing py32md3xx_ll_usart.o(.text.LL_APB1_GRP2_ReleaseReset), (20 bytes).
    Removing py32md3xx_ll_usart.o(.ARM.exidx.text.LL_APB1_GRP2_ReleaseReset), (8 bytes).
    Removing py32md3xx_ll_usart.o(.text.LL_APB1_GRP1_ForceReset), (20 bytes).
    Removing py32md3xx_ll_usart.o(.ARM.exidx.text.LL_APB1_GRP1_ForceReset), (8 bytes).
    Removing py32md3xx_ll_usart.o(.text.LL_APB1_GRP1_ReleaseReset), (20 bytes).
    Removing py32md3xx_ll_usart.o(.ARM.exidx.text.LL_APB1_GRP1_ReleaseReset), (8 bytes).
    Removing py32md3xx_ll_usart.o(.ARM.exidx.text.LL_USART_Init), (8 bytes).
    Removing py32md3xx_ll_usart.o(.ARM.exidx.text.LL_USART_IsEnabled), (8 bytes).
    Removing py32md3xx_ll_usart.o(.ARM.exidx.text.LL_USART_SetStopBitsLength), (8 bytes).
    Removing py32md3xx_ll_usart.o(.ARM.exidx.text.LL_USART_SetHWFlowCtrl), (8 bytes).
    Removing py32md3xx_ll_usart.o(.ARM.exidx.text.LL_USART_SetBaudRate), (8 bytes).
    Removing py32md3xx_ll_usart.o(.text.LL_USART_StructInit), (24 bytes).
    Removing py32md3xx_ll_usart.o(.ARM.exidx.text.LL_USART_StructInit), (8 bytes).
    Removing py32md3xx_ll_usart.o(.text.LL_USART_ClockInit), (64 bytes).
    Removing py32md3xx_ll_usart.o(.ARM.exidx.text.LL_USART_ClockInit), (8 bytes).
    Removing py32md3xx_ll_usart.o(.text.LL_USART_DisableSCLKOutput), (12 bytes).
    Removing py32md3xx_ll_usart.o(.ARM.exidx.text.LL_USART_DisableSCLKOutput), (8 bytes).
    Removing py32md3xx_ll_usart.o(.text.LL_USART_ClockStructInit), (12 bytes).
    Removing py32md3xx_ll_usart.o(.ARM.exidx.text.LL_USART_ClockStructInit), (8 bytes).

465 unused section(s) (total 7347 bytes) removed from the image.

==============================================================================

Image Symbol Table

    Local Symbols

    Symbol Name                              Value     Ov Type        Size  Object(Section)

    ../clib/division.s                       0x00000000   Number         0  aeabi_sdivfast.o ABSOLUTE
    ../clib/division.s                       0x00000000   Number         0  aeabi_sdivfast_div0.o ABSOLUTE
    ../clib/microlib/division.c              0x00000000   Number         0  uidiv.o ABSOLUTE
    ../clib/microlib/division.c              0x00000000   Number         0  uidiv_div0.o ABSOLUTE
    ../clib/microlib/division.c              0x00000000   Number         0  idiv_div0.o ABSOLUTE
    ../clib/microlib/division.c              0x00000000   Number         0  idiv0.o ABSOLUTE
    ../clib/microlib/init/entry.s            0x00000000   Number         0  entry.o ABSOLUTE
    ../clib/microlib/init/entry.s            0x00000000   Number         0  entry2.o ABSOLUTE
    ../clib/microlib/init/entry.s            0x00000000   Number         0  entry5.o ABSOLUTE
    ../clib/microlib/init/entry.s            0x00000000   Number         0  entry7a.o ABSOLUTE
    ../clib/microlib/init/entry.s            0x00000000   Number         0  entry7b.o ABSOLUTE
    ../clib/microlib/init/entry.s            0x00000000   Number         0  entry8a.o ABSOLUTE
    ../clib/microlib/init/entry.s            0x00000000   Number         0  entry8b.o ABSOLUTE
    ../clib/microlib/init/entry.s            0x00000000   Number         0  entry9a.o ABSOLUTE
    ../clib/microlib/init/entry.s            0x00000000   Number         0  entry9b.o ABSOLUTE
    ../clib/microlib/init/entry.s            0x00000000   Number         0  entry10a.o ABSOLUTE
    ../clib/microlib/init/entry.s            0x00000000   Number         0  entry10b.o ABSOLUTE
    ../clib/microlib/init/entry.s            0x00000000   Number         0  entry11a.o ABSOLUTE
    ../clib/microlib/init/entry.s            0x00000000   Number         0  entry11b.o ABSOLUTE
    ../clib/microlib/string/memset.c         0x00000000   Number         0  memseta.o ABSOLUTE
    FOC.c                                    0x00000000   Number         0  foc.o ABSOLUTE
    dc.s                                     0x00000000   Number         0  dc.o ABSOLUTE
    handlers.s                               0x00000000   Number         0  handlers.o ABSOLUTE
    init.s                                   0x00000000   Number         0  init.o ABSOLUTE
    main.c                                   0x00000000   Number         0  main.o ABSOLUTE
    py32md3xx_it.c                           0x00000000   Number         0  py32md3xx_it.o ABSOLUTE
    py32md3xx_ll_adc.c                       0x00000000   Number         0  py32md3xx_ll_adc.o ABSOLUTE
    py32md3xx_ll_comp.c                      0x00000000   Number         0  py32md3xx_ll_comp.o ABSOLUTE
    py32md3xx_ll_crc.c                       0x00000000   Number         0  py32md3xx_ll_crc.o ABSOLUTE
    py32md3xx_ll_dma.c                       0x00000000   Number         0  py32md3xx_ll_dma.o ABSOLUTE
    py32md3xx_ll_exti.c                      0x00000000   Number         0  py32md3xx_ll_exti.o ABSOLUTE
    py32md3xx_ll_gpio.c                      0x00000000   Number         0  py32md3xx_ll_gpio.o ABSOLUTE
    py32md3xx_ll_i2c.c                       0x00000000   Number         0  py32md3xx_ll_i2c.o ABSOLUTE
    py32md3xx_ll_led.c                       0x00000000   Number         0  py32md3xx_ll_led.o ABSOLUTE
    py32md3xx_ll_lptim.c                     0x00000000   Number         0  py32md3xx_ll_lptim.o ABSOLUTE
    py32md3xx_ll_pwr.c                       0x00000000   Number         0  py32md3xx_ll_pwr.o ABSOLUTE
    py32md3xx_ll_rcc.c                       0x00000000   Number         0  py32md3xx_ll_rcc.o ABSOLUTE
    py32md3xx_ll_rtc.c                       0x00000000   Number         0  py32md3xx_ll_rtc.o ABSOLUTE
    py32md3xx_ll_spi.c                       0x00000000   Number         0  py32md3xx_ll_spi.o ABSOLUTE
    py32md3xx_ll_tim.c                       0x00000000   Number         0  py32md3xx_ll_tim.o ABSOLUTE
    py32md3xx_ll_usart.c                     0x00000000   Number         0  py32md3xx_ll_usart.o ABSOLUTE
    py32md3xx_ll_utils.c                     0x00000000   Number         0  py32md3xx_ll_utils.o ABSOLUTE
    startup_py32md320xx.s                    0x00000000   Number         0  startup_py32md320xx.o ABSOLUTE
    system_py32md3xx.c                       0x00000000   Number         0  system_py32md3xx.o ABSOLUTE
    trig_q15_func.c                          0x00000000   Number         0  trig_q15_func.o ABSOLUTE
    RESET                                    0x08000000   Section      192  startup_py32md320xx.o(RESET)
    .ARM.Collect$$$$00000000                 0x080000c0   Section        0  entry.o(.ARM.Collect$$$$00000000)
    .ARM.Collect$$$$00000001                 0x080000c0   Section        4  entry2.o(.ARM.Collect$$$$00000001)
    .ARM.Collect$$$$00000004                 0x080000c4   Section        4  entry5.o(.ARM.Collect$$$$00000004)
    .ARM.Collect$$$$00000008                 0x080000c8   Section        0  entry7b.o(.ARM.Collect$$$$00000008)
    .ARM.Collect$$$$0000000A                 0x080000c8   Section        0  entry8b.o(.ARM.Collect$$$$0000000A)
    .ARM.Collect$$$$0000000B                 0x080000c8   Section        8  entry9a.o(.ARM.Collect$$$$0000000B)
    __lit__00000000                          0x080000d0   Data           4  entry2.o(.ARM.Collect$$$$00002712)
    .ARM.Collect$$$$0000000D                 0x080000d0   Section        0  entry10a.o(.ARM.Collect$$$$0000000D)
    .ARM.Collect$$$$0000000F                 0x080000d0   Section        0  entry11a.o(.ARM.Collect$$$$0000000F)
    .ARM.Collect$$$$00002712                 0x080000d0   Section        4  entry2.o(.ARM.Collect$$$$00002712)
    .text                                    0x080000d4   Section       28  startup_py32md320xx.o(.text)
    .text                                    0x080000f0   Section        0  memseta.o(.text)
    .text                                    0x08000114   Section        0  uidiv_div0.o(.text)
    .text                                    0x08000154   Section       36  init.o(.text)
    [Anonymous Symbol]                       0x08000178   Section        0  system_py32md3xx.o(.text.$Sub$$main)
    __arm_cp.2_0                             0x0800019c   Number         4  system_py32md3xx.o(.text.$Sub$$main)
    __arm_cp.2_1                             0x080001a0   Number         4  system_py32md3xx.o(.text.$Sub$$main)
    APP_DMAConfig                            0x080001a5   Thumb Code    64  main.o(.text.APP_DMAConfig)
    [Anonymous Symbol]                       0x080001a4   Section        0  main.o(.text.APP_DMAConfig)
    APP_GPIOConfig                           0x080001e5   Thumb Code    44  main.o(.text.APP_GPIOConfig)
    [Anonymous Symbol]                       0x080001e4   Section        0  main.o(.text.APP_GPIOConfig)
    APP_PWMChannelConfig                     0x08000211   Thumb Code   168  main.o(.text.APP_PWMChannelConfig)
    [Anonymous Symbol]                       0x08000210   Section        0  main.o(.text.APP_PWMChannelConfig)
    APP_SPI1Config                           0x080002b9   Thumb Code   168  main.o(.text.APP_SPI1Config)
    [Anonymous Symbol]                       0x080002b8   Section        0  main.o(.text.APP_SPI1Config)
    __arm_cp.16_0                            0x08000360   Number         4  main.o(.text.APP_SPI1Config)
    __arm_cp.16_1                            0x08000364   Number         4  main.o(.text.APP_SPI1Config)
    APP_SystemClockConfig                    0x08000369   Thumb Code    72  main.o(.text.APP_SystemClockConfig)
    [Anonymous Symbol]                       0x08000368   Section        0  main.o(.text.APP_SystemClockConfig)
    __arm_cp.13_0                            0x080003b0   Number         4  main.o(.text.APP_SystemClockConfig)
    __arm_cp.13_1                            0x080003b4   Number         4  main.o(.text.APP_SystemClockConfig)
    __arm_cp.13_2                            0x080003b8   Number         4  main.o(.text.APP_SystemClockConfig)
    APP_TIM1BaseConfig                       0x080003bd   Thumb Code    44  main.o(.text.APP_TIM1BaseConfig)
    [Anonymous Symbol]                       0x080003bc   Section        0  main.o(.text.APP_TIM1BaseConfig)
    __arm_cp.19_0                            0x080003e8   Number         4  main.o(.text.APP_TIM1BaseConfig)
    __arm_cp.19_1                            0x080003ec   Number         4  main.o(.text.APP_TIM1BaseConfig)
    APP_USARTConfig                          0x080003f1   Thumb Code   132  main.o(.text.APP_USARTConfig)
    [Anonymous Symbol]                       0x080003f0   Section        0  main.o(.text.APP_USARTConfig)
    __arm_cp.17_0                            0x08000474   Number         4  main.o(.text.APP_USARTConfig)
    [Anonymous Symbol]                       0x08000478   Section        0  py32md3xx_it.o(.text.HardFault_Handler)
    LL_AHB1_GRP1_EnableClock                 0x0800047d   Thumb Code    24  main.o(.text.LL_AHB1_GRP1_EnableClock)
    [Anonymous Symbol]                       0x0800047c   Section        0  main.o(.text.LL_AHB1_GRP1_EnableClock)
    __arm_cp.40_0                            0x08000494   Number         4  main.o(.text.LL_AHB1_GRP1_EnableClock)
    LL_APB1_GRP1_EnableClock                 0x08000499   Thumb Code    28  main.o(.text.LL_APB1_GRP1_EnableClock)
    [Anonymous Symbol]                       0x08000498   Section        0  main.o(.text.LL_APB1_GRP1_EnableClock)
    __arm_cp.33_0                            0x080004b4   Number         4  main.o(.text.LL_APB1_GRP1_EnableClock)
    LL_APB1_GRP2_EnableClock                 0x080004b9   Thumb Code    24  main.o(.text.LL_APB1_GRP2_EnableClock)
    [Anonymous Symbol]                       0x080004b8   Section        0  main.o(.text.LL_APB1_GRP2_EnableClock)
    __arm_cp.30_0                            0x080004d0   Number         4  main.o(.text.LL_APB1_GRP2_EnableClock)
    LL_DMA_ConfigTransfer                    0x080004d5   Thumb Code    24  main.o(.text.LL_DMA_ConfigTransfer)
    [Anonymous Symbol]                       0x080004d4   Section        0  main.o(.text.LL_DMA_ConfigTransfer)
    CHANNEL_OFFSET_TAB                       0x080004ec   Number         0  main.o(.text.LL_DMA_ConfigTransfer)
    __arm_cp.41_1                            0x080004f0   Number         4  main.o(.text.LL_DMA_ConfigTransfer)
    __arm_cp.41_2                            0x080004f4   Number         4  main.o(.text.LL_DMA_ConfigTransfer)
    LL_DMA_DisableChannel                    0x080004f9   Thumb Code    12  py32md3xx_it.o(.text.LL_DMA_DisableChannel)
    [Anonymous Symbol]                       0x080004f8   Section        0  py32md3xx_it.o(.text.LL_DMA_DisableChannel)
    LL_DMA_EnableChannel                     0x08000505   Thumb Code    12  main.o(.text.LL_DMA_EnableChannel)
    [Anonymous Symbol]                       0x08000504   Section        0  main.o(.text.LL_DMA_EnableChannel)
    LL_DMA_EnableChannel                     0x08000511   Thumb Code    12  py32md3xx_it.o(.text.LL_DMA_EnableChannel)
    [Anonymous Symbol]                       0x08000510   Section        0  py32md3xx_it.o(.text.LL_DMA_EnableChannel)
    __arm_cp.22_0                            0x0800051c   Number         4  py32md3xx_it.o(.text.LL_DMA_EnableChannel)
    LL_DMA_SetDataLength                     0x08000521   Thumb Code    16  main.o(.text.LL_DMA_SetDataLength)
    [Anonymous Symbol]                       0x08000520   Section        0  main.o(.text.LL_DMA_SetDataLength)
    LL_DMA_SetDataLength                     0x08000531   Thumb Code    16  py32md3xx_it.o(.text.LL_DMA_SetDataLength)
    [Anonymous Symbol]                       0x08000530   Section        0  py32md3xx_it.o(.text.LL_DMA_SetDataLength)
    __arm_cp.21_0                            0x08000540   Number         4  py32md3xx_it.o(.text.LL_DMA_SetDataLength)
    __arm_cp.21_1                            0x08000544   Number         4  py32md3xx_it.o(.text.LL_DMA_SetDataLength)
    LL_DMA_SetMemoryAddress                  0x08000549   Thumb Code     8  main.o(.text.LL_DMA_SetMemoryAddress)
    [Anonymous Symbol]                       0x08000548   Section        0  main.o(.text.LL_DMA_SetMemoryAddress)
    __arm_cp.44_1                            0x08000550   Number         4  main.o(.text.LL_DMA_SetMemoryAddress)
    LL_DMA_SetMemoryAddress                  0x08000555   Thumb Code     8  py32md3xx_it.o(.text.LL_DMA_SetMemoryAddress)
    [Anonymous Symbol]                       0x08000554   Section        0  py32md3xx_it.o(.text.LL_DMA_SetMemoryAddress)
    __arm_cp.20_0                            0x0800055c   Number         4  py32md3xx_it.o(.text.LL_DMA_SetMemoryAddress)
    LL_DMA_SetPeriphAddress                  0x08000561   Thumb Code     8  main.o(.text.LL_DMA_SetPeriphAddress)
    [Anonymous Symbol]                       0x08000560   Section        0  main.o(.text.LL_DMA_SetPeriphAddress)
    __arm_cp.45_0                            0x08000568   Number         4  main.o(.text.LL_DMA_SetPeriphAddress)
    __arm_cp.45_1                            0x0800056c   Number         4  main.o(.text.LL_DMA_SetPeriphAddress)
    LL_FLASH_ClearFlag_EOP                   0x08000571   Thumb Code     8  main.o(.text.LL_FLASH_ClearFlag_EOP)
    [Anonymous Symbol]                       0x08000570   Section        0  main.o(.text.LL_FLASH_ClearFlag_EOP)
    LL_FLASH_DisableIT_EOP                   0x08000579   Thumb Code    16  main.o(.text.LL_FLASH_DisableIT_EOP)
    [Anonymous Symbol]                       0x08000578   Section        0  main.o(.text.LL_FLASH_DisableIT_EOP)
    LL_FLASH_DisablePageProgram              0x08000589   Thumb Code    12  main.o(.text.LL_FLASH_DisablePageProgram)
    [Anonymous Symbol]                       0x08000588   Section        0  main.o(.text.LL_FLASH_DisablePageProgram)
    LL_FLASH_EnableIT_EOP                    0x08000595   Thumb Code    16  main.o(.text.LL_FLASH_EnableIT_EOP)
    [Anonymous Symbol]                       0x08000594   Section        0  main.o(.text.LL_FLASH_EnableIT_EOP)
    LL_FLASH_EnablePageProgram               0x080005a5   Thumb Code    12  main.o(.text.LL_FLASH_EnablePageProgram)
    [Anonymous Symbol]                       0x080005a4   Section        0  main.o(.text.LL_FLASH_EnablePageProgram)
    LL_FLASH_EnablePageProgramStart          0x080005b1   Thumb Code    16  main.o(.text.LL_FLASH_EnablePageProgramStart)
    [Anonymous Symbol]                       0x080005b0   Section        0  main.o(.text.LL_FLASH_EnablePageProgramStart)
    LL_FLASH_GetLatency                      0x080005c1   Thumb Code    12  py32md3xx_ll_utils.o(.text.LL_FLASH_GetLatency)
    [Anonymous Symbol]                       0x080005c0   Section        0  py32md3xx_ll_utils.o(.text.LL_FLASH_GetLatency)
    LL_FLASH_IsActiveFlag_BUSY               0x080005cd   Thumb Code    12  main.o(.text.LL_FLASH_IsActiveFlag_BUSY)
    [Anonymous Symbol]                       0x080005cc   Section        0  main.o(.text.LL_FLASH_IsActiveFlag_BUSY)
    LL_FLASH_IsActiveFlag_EOP                0x080005d9   Thumb Code    12  main.o(.text.LL_FLASH_IsActiveFlag_EOP)
    [Anonymous Symbol]                       0x080005d8   Section        0  main.o(.text.LL_FLASH_IsActiveFlag_EOP)
    __arm_cp.6_0                             0x080005e4   Number         4  main.o(.text.LL_FLASH_IsActiveFlag_EOP)
    LL_FLASH_Lock                            0x080005e9   Thumb Code    16  main.o(.text.LL_FLASH_Lock)
    [Anonymous Symbol]                       0x080005e8   Section        0  main.o(.text.LL_FLASH_Lock)
    __arm_cp.10_0                            0x080005f8   Number         4  main.o(.text.LL_FLASH_Lock)
    LL_FLASH_PageProgram                     0x080005fd   Thumb Code    52  main.o(.text.LL_FLASH_PageProgram)
    [Anonymous Symbol]                       0x080005fc   Section        0  main.o(.text.LL_FLASH_PageProgram)
    __arm_cp.4_0                             0x08000630   Number         4  main.o(.text.LL_FLASH_PageProgram)
    __arm_cp.4_1                             0x08000634   Number         4  main.o(.text.LL_FLASH_PageProgram)
    LL_FLASH_SetLatency                      0x08000639   Thumb Code    16  py32md3xx_ll_utils.o(.text.LL_FLASH_SetLatency)
    [Anonymous Symbol]                       0x08000638   Section        0  py32md3xx_ll_utils.o(.text.LL_FLASH_SetLatency)
    __arm_cp.12_0                            0x08000648   Number         4  py32md3xx_ll_utils.o(.text.LL_FLASH_SetLatency)
    LL_FLASH_Unlock                          0x0800064d   Thumb Code    20  main.o(.text.LL_FLASH_Unlock)
    [Anonymous Symbol]                       0x0800064c   Section        0  main.o(.text.LL_FLASH_Unlock)
    __arm_cp.1_0                             0x08000660   Number         4  main.o(.text.LL_FLASH_Unlock)
    __arm_cp.1_1                             0x08000664   Number         4  main.o(.text.LL_FLASH_Unlock)
    __arm_cp.1_2                             0x08000668   Number         4  main.o(.text.LL_FLASH_Unlock)
    [Anonymous Symbol]                       0x0800066c   Section        0  py32md3xx_ll_gpio.o(.text.LL_GPIO_Init)
    LL_GPIO_ResetOutputPin                   0x080006ed   Thumb Code     8  main.o(.text.LL_GPIO_ResetOutputPin)
    [Anonymous Symbol]                       0x080006ec   Section        0  main.o(.text.LL_GPIO_ResetOutputPin)
    LL_GPIO_ResetOutputPin                   0x080006f5   Thumb Code    12  foc.o(.text.LL_GPIO_ResetOutputPin)
    [Anonymous Symbol]                       0x080006f4   Section        0  foc.o(.text.LL_GPIO_ResetOutputPin)
    __arm_cp.1_0                             0x08000700   Number         4  foc.o(.text.LL_GPIO_ResetOutputPin)
    LL_GPIO_SetAFPin_0_7                     0x08000705   Thumb Code    20  py32md3xx_ll_gpio.o(.text.LL_GPIO_SetAFPin_0_7)
    [Anonymous Symbol]                       0x08000704   Section        0  py32md3xx_ll_gpio.o(.text.LL_GPIO_SetAFPin_0_7)
    LL_GPIO_SetAFPin_8_15                    0x08000719   Thumb Code    22  py32md3xx_ll_gpio.o(.text.LL_GPIO_SetAFPin_8_15)
    [Anonymous Symbol]                       0x08000718   Section        0  py32md3xx_ll_gpio.o(.text.LL_GPIO_SetAFPin_8_15)
    LL_GPIO_SetOutputPin                     0x08000731   Thumb Code    12  main.o(.text.LL_GPIO_SetOutputPin)
    [Anonymous Symbol]                       0x08000730   Section        0  main.o(.text.LL_GPIO_SetOutputPin)
    LL_GPIO_SetOutputPin                     0x0800073d   Thumb Code    12  foc.o(.text.LL_GPIO_SetOutputPin)
    [Anonymous Symbol]                       0x0800073c   Section        0  foc.o(.text.LL_GPIO_SetOutputPin)
    __arm_cp.6_0                             0x08000748   Number         4  foc.o(.text.LL_GPIO_SetOutputPin)
    LL_GPIO_SetPinMode                       0x0800074d   Thumb Code    18  py32md3xx_ll_gpio.o(.text.LL_GPIO_SetPinMode)
    [Anonymous Symbol]                       0x0800074c   Section        0  py32md3xx_ll_gpio.o(.text.LL_GPIO_SetPinMode)
    LL_GPIO_SetPinOutputType                 0x0800075f   Thumb Code    12  py32md3xx_ll_gpio.o(.text.LL_GPIO_SetPinOutputType)
    [Anonymous Symbol]                       0x0800075e   Section        0  py32md3xx_ll_gpio.o(.text.LL_GPIO_SetPinOutputType)
    LL_GPIO_SetPinPull                       0x0800076b   Thumb Code    18  py32md3xx_ll_gpio.o(.text.LL_GPIO_SetPinPull)
    [Anonymous Symbol]                       0x0800076a   Section        0  py32md3xx_ll_gpio.o(.text.LL_GPIO_SetPinPull)
    LL_GPIO_SetPinSpeed                      0x0800077d   Thumb Code    18  py32md3xx_ll_gpio.o(.text.LL_GPIO_SetPinSpeed)
    [Anonymous Symbol]                       0x0800077c   Section        0  py32md3xx_ll_gpio.o(.text.LL_GPIO_SetPinSpeed)
    LL_GPIO_TogglePin                        0x08000791   Thumb Code    12  py32md3xx_it.o(.text.LL_GPIO_TogglePin)
    [Anonymous Symbol]                       0x08000790   Section        0  py32md3xx_it.o(.text.LL_GPIO_TogglePin)
    __arm_cp.19_0                            0x0800079c   Number         4  py32md3xx_it.o(.text.LL_GPIO_TogglePin)
    LL_IOP_GRP1_EnableClock                  0x080007a1   Thumb Code    24  main.o(.text.LL_IOP_GRP1_EnableClock)
    [Anonymous Symbol]                       0x080007a0   Section        0  main.o(.text.LL_IOP_GRP1_EnableClock)
    __arm_cp.29_0                            0x080007b8   Number         4  main.o(.text.LL_IOP_GRP1_EnableClock)
    [Anonymous Symbol]                       0x080007bc   Section        0  py32md3xx_ll_utils.o(.text.LL_Init1msTick)
    LL_InitTick                              0x080007c5   Thumb Code    28  py32md3xx_ll_utils.o(.text.LL_InitTick)
    [Anonymous Symbol]                       0x080007c4   Section        0  py32md3xx_ll_utils.o(.text.LL_InitTick)
    __arm_cp.1_0                             0x080007e0   Number         4  py32md3xx_ll_utils.o(.text.LL_InitTick)
    [Anonymous Symbol]                       0x080007e4   Section        0  py32md3xx_ll_utils.o(.text.LL_PLL_ConfigSystemClock_HSI)
    __arm_cp.4_0                             0x08000834   Number         4  py32md3xx_ll_utils.o(.text.LL_PLL_ConfigSystemClock_HSI)
    LL_RCC_GetAHBPrescaler                   0x08000839   Thumb Code    12  py32md3xx_ll_rcc.o(.text.LL_RCC_GetAHBPrescaler)
    [Anonymous Symbol]                       0x08000838   Section        0  py32md3xx_ll_rcc.o(.text.LL_RCC_GetAHBPrescaler)
    LL_RCC_GetAPB1Prescaler                  0x08000845   Thumb Code    12  py32md3xx_ll_rcc.o(.text.LL_RCC_GetAPB1Prescaler)
    [Anonymous Symbol]                       0x08000844   Section        0  py32md3xx_ll_rcc.o(.text.LL_RCC_GetAPB1Prescaler)
    LL_RCC_GetHSIDiv                         0x08000851   Thumb Code    12  py32md3xx_ll_rcc.o(.text.LL_RCC_GetHSIDiv)
    [Anonymous Symbol]                       0x08000850   Section        0  py32md3xx_ll_rcc.o(.text.LL_RCC_GetHSIDiv)
    LL_RCC_GetSysClkSource                   0x0800085d   Thumb Code    12  py32md3xx_ll_utils.o(.text.LL_RCC_GetSysClkSource)
    [Anonymous Symbol]                       0x0800085c   Section        0  py32md3xx_ll_utils.o(.text.LL_RCC_GetSysClkSource)
    LL_RCC_GetSysClkSource                   0x08000869   Thumb Code    12  py32md3xx_ll_rcc.o(.text.LL_RCC_GetSysClkSource)
    [Anonymous Symbol]                       0x08000868   Section        0  py32md3xx_ll_rcc.o(.text.LL_RCC_GetSysClkSource)
    [Anonymous Symbol]                       0x08000874   Section        0  py32md3xx_ll_rcc.o(.text.LL_RCC_GetSystemClocksFreq)
    LL_RCC_HSI_Enable                        0x0800088d   Thumb Code    16  main.o(.text.LL_RCC_HSI_Enable)
    [Anonymous Symbol]                       0x0800088c   Section        0  main.o(.text.LL_RCC_HSI_Enable)
    LL_RCC_HSI_Enable                        0x0800089d   Thumb Code    16  py32md3xx_ll_utils.o(.text.LL_RCC_HSI_Enable)
    [Anonymous Symbol]                       0x0800089c   Section        0  py32md3xx_ll_utils.o(.text.LL_RCC_HSI_Enable)
    LL_RCC_HSI_GetFreq                       0x080008ad   Thumb Code    16  py32md3xx_ll_utils.o(.text.LL_RCC_HSI_GetFreq)
    [Anonymous Symbol]                       0x080008ac   Section        0  py32md3xx_ll_utils.o(.text.LL_RCC_HSI_GetFreq)
    LL_RCC_HSI_GetFreq                       0x080008bd   Thumb Code    16  py32md3xx_ll_rcc.o(.text.LL_RCC_HSI_GetFreq)
    [Anonymous Symbol]                       0x080008bc   Section        0  py32md3xx_ll_rcc.o(.text.LL_RCC_HSI_GetFreq)
    __arm_cp.12_1                            0x080008cc   Number         4  py32md3xx_ll_rcc.o(.text.LL_RCC_HSI_GetFreq)
    LL_RCC_HSI_IsReady                       0x080008d1   Thumb Code    12  main.o(.text.LL_RCC_HSI_IsReady)
    [Anonymous Symbol]                       0x080008d0   Section        0  main.o(.text.LL_RCC_HSI_IsReady)
    LL_RCC_HSI_IsReady                       0x080008dd   Thumb Code    12  py32md3xx_ll_utils.o(.text.LL_RCC_HSI_IsReady)
    [Anonymous Symbol]                       0x080008dc   Section        0  py32md3xx_ll_utils.o(.text.LL_RCC_HSI_IsReady)
    LL_RCC_HSI_SetCalibFreq                  0x080008e9   Thumb Code    16  main.o(.text.LL_RCC_HSI_SetCalibFreq)
    [Anonymous Symbol]                       0x080008e8   Section        0  main.o(.text.LL_RCC_HSI_SetCalibFreq)
    __arm_cp.25_0                            0x080008f8   Number         4  main.o(.text.LL_RCC_HSI_SetCalibFreq)
    __arm_cp.25_1                            0x080008fc   Number         4  main.o(.text.LL_RCC_HSI_SetCalibFreq)
    LL_RCC_PLL_Enable                        0x08000901   Thumb Code    16  py32md3xx_ll_utils.o(.text.LL_RCC_PLL_Enable)
    [Anonymous Symbol]                       0x08000900   Section        0  py32md3xx_ll_utils.o(.text.LL_RCC_PLL_Enable)
    LL_RCC_PLL_GetMainSource                 0x08000911   Thumb Code     8  py32md3xx_ll_rcc.o(.text.LL_RCC_PLL_GetMainSource)
    [Anonymous Symbol]                       0x08000910   Section        0  py32md3xx_ll_rcc.o(.text.LL_RCC_PLL_GetMainSource)
    LL_RCC_PLL_IsReady                       0x08000919   Thumb Code    12  py32md3xx_ll_utils.o(.text.LL_RCC_PLL_IsReady)
    [Anonymous Symbol]                       0x08000918   Section        0  py32md3xx_ll_utils.o(.text.LL_RCC_PLL_IsReady)
    __arm_cp.14_0                            0x08000924   Number         4  py32md3xx_ll_utils.o(.text.LL_RCC_PLL_IsReady)
    LL_RCC_PLL_SetMainSource                 0x08000929   Thumb Code    12  py32md3xx_ll_utils.o(.text.LL_RCC_PLL_SetMainSource)
    [Anonymous Symbol]                       0x08000928   Section        0  py32md3xx_ll_utils.o(.text.LL_RCC_PLL_SetMainSource)
    __arm_cp.9_0                             0x08000934   Number         4  py32md3xx_ll_utils.o(.text.LL_RCC_PLL_SetMainSource)
    LL_RCC_SetAHBPrescaler                   0x08000939   Thumb Code    16  main.o(.text.LL_RCC_SetAHBPrescaler)
    [Anonymous Symbol]                       0x08000938   Section        0  main.o(.text.LL_RCC_SetAHBPrescaler)
    LL_RCC_SetAHBPrescaler                   0x08000949   Thumb Code    16  py32md3xx_ll_utils.o(.text.LL_RCC_SetAHBPrescaler)
    [Anonymous Symbol]                       0x08000948   Section        0  py32md3xx_ll_utils.o(.text.LL_RCC_SetAHBPrescaler)
    LL_RCC_SetAPB1Prescaler                  0x08000959   Thumb Code    16  main.o(.text.LL_RCC_SetAPB1Prescaler)
    [Anonymous Symbol]                       0x08000958   Section        0  main.o(.text.LL_RCC_SetAPB1Prescaler)
    LL_RCC_SetAPB1Prescaler                  0x08000969   Thumb Code    16  py32md3xx_ll_utils.o(.text.LL_RCC_SetAPB1Prescaler)
    [Anonymous Symbol]                       0x08000968   Section        0  py32md3xx_ll_utils.o(.text.LL_RCC_SetAPB1Prescaler)
    LL_RCC_SetSysClkSource                   0x08000979   Thumb Code    16  py32md3xx_ll_utils.o(.text.LL_RCC_SetSysClkSource)
    [Anonymous Symbol]                       0x08000978   Section        0  py32md3xx_ll_utils.o(.text.LL_RCC_SetSysClkSource)
    __arm_cp.17_0                            0x08000988   Number         4  py32md3xx_ll_utils.o(.text.LL_RCC_SetSysClkSource)
    LL_SPI_Enable                            0x0800098d   Thumb Code    12  main.o(.text.LL_SPI_Enable)
    [Anonymous Symbol]                       0x0800098c   Section        0  main.o(.text.LL_SPI_Enable)
    __arm_cp.32_0                            0x08000998   Number         4  main.o(.text.LL_SPI_Enable)
    [Anonymous Symbol]                       0x0800099c   Section        0  py32md3xx_ll_spi.o(.text.LL_SPI_Init)
    __arm_cp.5_0                             0x08000a04   Number         4  py32md3xx_ll_spi.o(.text.LL_SPI_Init)
    __arm_cp.5_1                             0x08000a08   Number         4  py32md3xx_ll_spi.o(.text.LL_SPI_Init)
    LL_SPI_IsActiveFlag_RXNE                 0x08000a0d   Thumb Code    12  foc.o(.text.LL_SPI_IsActiveFlag_RXNE)
    [Anonymous Symbol]                       0x08000a0c   Section        0  foc.o(.text.LL_SPI_IsActiveFlag_RXNE)
    LL_SPI_IsActiveFlag_TXE                  0x08000a19   Thumb Code    12  foc.o(.text.LL_SPI_IsActiveFlag_TXE)
    [Anonymous Symbol]                       0x08000a18   Section        0  foc.o(.text.LL_SPI_IsActiveFlag_TXE)
    __arm_cp.2_0                             0x08000a24   Number         4  foc.o(.text.LL_SPI_IsActiveFlag_TXE)
    LL_SPI_IsEnabled                         0x08000a29   Thumb Code     8  py32md3xx_ll_spi.o(.text.LL_SPI_IsEnabled)
    [Anonymous Symbol]                       0x08000a28   Section        0  py32md3xx_ll_spi.o(.text.LL_SPI_IsEnabled)
    LL_SPI_ReceiveData16                     0x08000a31   Thumb Code     8  foc.o(.text.LL_SPI_ReceiveData16)
    [Anonymous Symbol]                       0x08000a30   Section        0  foc.o(.text.LL_SPI_ReceiveData16)
    LL_SPI_SetRxFIFOThreshold                0x08000a39   Thumb Code    14  py32md3xx_ll_spi.o(.text.LL_SPI_SetRxFIFOThreshold)
    [Anonymous Symbol]                       0x08000a38   Section        0  py32md3xx_ll_spi.o(.text.LL_SPI_SetRxFIFOThreshold)
    LL_SPI_TransmitData16                    0x08000a49   Thumb Code     8  foc.o(.text.LL_SPI_TransmitData16)
    [Anonymous Symbol]                       0x08000a48   Section        0  foc.o(.text.LL_SPI_TransmitData16)
    __arm_cp.3_0                             0x08000a50   Number         4  foc.o(.text.LL_SPI_TransmitData16)
    __arm_cp.3_1                             0x08000a54   Number         4  foc.o(.text.LL_SPI_TransmitData16)
    LL_SYSCFG_SetDMARemap_CH1                0x08000a59   Thumb Code    16  main.o(.text.LL_SYSCFG_SetDMARemap_CH1)
    [Anonymous Symbol]                       0x08000a58   Section        0  main.o(.text.LL_SYSCFG_SetDMARemap_CH1)
    LL_SYSCFG_SetDMARemap_CH2                0x08000a69   Thumb Code    20  main.o(.text.LL_SYSCFG_SetDMARemap_CH2)
    [Anonymous Symbol]                       0x08000a68   Section        0  main.o(.text.LL_SYSCFG_SetDMARemap_CH2)
    __arm_cp.43_0                            0x08000a7c   Number         4  main.o(.text.LL_SYSCFG_SetDMARemap_CH2)
    [Anonymous Symbol]                       0x08000a80   Section        0  py32md3xx_ll_utils.o(.text.LL_SetFlashLatency)
    __arm_cp.11_0                            0x08000abc   Number         4  py32md3xx_ll_utils.o(.text.LL_SetFlashLatency)
    __arm_cp.11_1                            0x08000ac0   Number         4  py32md3xx_ll_utils.o(.text.LL_SetFlashLatency)
    [Anonymous Symbol]                       0x08000ac4   Section        0  py32md3xx_ll_utils.o(.text.LL_SetSystemCoreClock)
    __arm_cp.3_0                             0x08000acc   Number         4  py32md3xx_ll_utils.o(.text.LL_SetSystemCoreClock)
    LL_TIM_ClearFlag_UPDATE                  0x08000ad1   Thumb Code    12  py32md3xx_it.o(.text.LL_TIM_ClearFlag_UPDATE)
    [Anonymous Symbol]                       0x08000ad0   Section        0  py32md3xx_it.o(.text.LL_TIM_ClearFlag_UPDATE)
    LL_TIM_DisableAllOutputs                 0x08000add   Thumb Code    16  py32md3xx_it.o(.text.LL_TIM_DisableAllOutputs)
    [Anonymous Symbol]                       0x08000adc   Section        0  py32md3xx_it.o(.text.LL_TIM_DisableAllOutputs)
    LL_TIM_DisableIT_UPDATE                  0x08000aed   Thumb Code    12  py32md3xx_it.o(.text.LL_TIM_DisableIT_UPDATE)
    [Anonymous Symbol]                       0x08000aec   Section        0  py32md3xx_it.o(.text.LL_TIM_DisableIT_UPDATE)
    LL_TIM_EnableAllOutputs                  0x08000af9   Thumb Code    16  main.o(.text.LL_TIM_EnableAllOutputs)
    [Anonymous Symbol]                       0x08000af8   Section        0  main.o(.text.LL_TIM_EnableAllOutputs)
    LL_TIM_EnableAllOutputs                  0x08000b09   Thumb Code    16  py32md3xx_it.o(.text.LL_TIM_EnableAllOutputs)
    [Anonymous Symbol]                       0x08000b08   Section        0  py32md3xx_it.o(.text.LL_TIM_EnableAllOutputs)
    __arm_cp.17_0                            0x08000b18   Number         4  py32md3xx_it.o(.text.LL_TIM_EnableAllOutputs)
    LL_TIM_EnableCounter                     0x08000b1d   Thumb Code    12  main.o(.text.LL_TIM_EnableCounter)
    [Anonymous Symbol]                       0x08000b1c   Section        0  main.o(.text.LL_TIM_EnableCounter)
    LL_TIM_EnableIT_UPDATE                   0x08000b29   Thumb Code    12  main.o(.text.LL_TIM_EnableIT_UPDATE)
    [Anonymous Symbol]                       0x08000b28   Section        0  main.o(.text.LL_TIM_EnableIT_UPDATE)
    LL_TIM_EnableIT_UPDATE                   0x08000b35   Thumb Code    12  py32md3xx_it.o(.text.LL_TIM_EnableIT_UPDATE)
    [Anonymous Symbol]                       0x08000b34   Section        0  py32md3xx_it.o(.text.LL_TIM_EnableIT_UPDATE)
    __arm_cp.18_0                            0x08000b40   Number         4  py32md3xx_it.o(.text.LL_TIM_EnableIT_UPDATE)
    LL_TIM_GenerateEvent_UPDATE              0x08000b45   Thumb Code    10  py32md3xx_ll_tim.o(.text.LL_TIM_GenerateEvent_UPDATE)
    [Anonymous Symbol]                       0x08000b44   Section        0  py32md3xx_ll_tim.o(.text.LL_TIM_GenerateEvent_UPDATE)
    [Anonymous Symbol]                       0x08000b50   Section        0  py32md3xx_ll_tim.o(.text.LL_TIM_Init)
    __arm_cp.6_0                             0x08000bd8   Number         4  py32md3xx_ll_tim.o(.text.LL_TIM_Init)
    __arm_cp.6_1                             0x08000bdc   Number         4  py32md3xx_ll_tim.o(.text.LL_TIM_Init)
    __arm_cp.6_2                             0x08000be0   Number         4  py32md3xx_ll_tim.o(.text.LL_TIM_Init)
    __arm_cp.6_5                             0x08000be4   Number         4  py32md3xx_ll_tim.o(.text.LL_TIM_Init)
    LL_TIM_IsActiveFlag_UPDATE               0x08000be9   Thumb Code    12  py32md3xx_it.o(.text.LL_TIM_IsActiveFlag_UPDATE)
    [Anonymous Symbol]                       0x08000be8   Section        0  py32md3xx_it.o(.text.LL_TIM_IsActiveFlag_UPDATE)
    __arm_cp.6_0                             0x08000bf4   Number         4  py32md3xx_it.o(.text.LL_TIM_IsActiveFlag_UPDATE)
    [Anonymous Symbol]                       0x08000bf8   Section        0  py32md3xx_ll_tim.o(.text.LL_TIM_OC_Init)
    LL_TIM_OC_SetCompareCH1                  0x08000c49   Thumb Code     8  foc.o(.text.LL_TIM_OC_SetCompareCH1)
    [Anonymous Symbol]                       0x08000c48   Section        0  foc.o(.text.LL_TIM_OC_SetCompareCH1)
    __arm_cp.8_0                             0x08000c50   Number         4  foc.o(.text.LL_TIM_OC_SetCompareCH1)
    LL_TIM_OC_SetCompareCH1                  0x08000c55   Thumb Code     4  py32md3xx_ll_tim.o(.text.LL_TIM_OC_SetCompareCH1)
    [Anonymous Symbol]                       0x08000c54   Section        0  py32md3xx_ll_tim.o(.text.LL_TIM_OC_SetCompareCH1)
    LL_TIM_OC_SetCompareCH2                  0x08000c59   Thumb Code     8  foc.o(.text.LL_TIM_OC_SetCompareCH2)
    [Anonymous Symbol]                       0x08000c58   Section        0  foc.o(.text.LL_TIM_OC_SetCompareCH2)
    __arm_cp.9_0                             0x08000c60   Number         4  foc.o(.text.LL_TIM_OC_SetCompareCH2)
    LL_TIM_OC_SetCompareCH2                  0x08000c65   Thumb Code     4  py32md3xx_ll_tim.o(.text.LL_TIM_OC_SetCompareCH2)
    [Anonymous Symbol]                       0x08000c64   Section        0  py32md3xx_ll_tim.o(.text.LL_TIM_OC_SetCompareCH2)
    LL_TIM_OC_SetCompareCH3                  0x08000c69   Thumb Code     8  foc.o(.text.LL_TIM_OC_SetCompareCH3)
    [Anonymous Symbol]                       0x08000c68   Section        0  foc.o(.text.LL_TIM_OC_SetCompareCH3)
    __arm_cp.10_0                            0x08000c70   Number         4  foc.o(.text.LL_TIM_OC_SetCompareCH3)
    LL_TIM_OC_SetCompareCH3                  0x08000c75   Thumb Code     4  py32md3xx_ll_tim.o(.text.LL_TIM_OC_SetCompareCH3)
    [Anonymous Symbol]                       0x08000c74   Section        0  py32md3xx_ll_tim.o(.text.LL_TIM_OC_SetCompareCH3)
    LL_TIM_OC_SetCompareCH4                  0x08000c79   Thumb Code     4  py32md3xx_ll_tim.o(.text.LL_TIM_OC_SetCompareCH4)
    [Anonymous Symbol]                       0x08000c78   Section        0  py32md3xx_ll_tim.o(.text.LL_TIM_OC_SetCompareCH4)
    LL_TIM_SetAutoReload                     0x08000c7d   Thumb Code     4  py32md3xx_ll_tim.o(.text.LL_TIM_SetAutoReload)
    [Anonymous Symbol]                       0x08000c7c   Section        0  py32md3xx_ll_tim.o(.text.LL_TIM_SetAutoReload)
    LL_TIM_SetPrescaler                      0x08000c81   Thumb Code     4  py32md3xx_ll_tim.o(.text.LL_TIM_SetPrescaler)
    [Anonymous Symbol]                       0x08000c80   Section        0  py32md3xx_ll_tim.o(.text.LL_TIM_SetPrescaler)
    LL_TIM_SetRepetitionCounter              0x08000c85   Thumb Code     4  py32md3xx_ll_tim.o(.text.LL_TIM_SetRepetitionCounter)
    [Anonymous Symbol]                       0x08000c84   Section        0  py32md3xx_ll_tim.o(.text.LL_TIM_SetRepetitionCounter)
    LL_USART_ClearFlag_IDLE                  0x08000c89   Thumb Code    20  py32md3xx_it.o(.text.LL_USART_ClearFlag_IDLE)
    [Anonymous Symbol]                       0x08000c88   Section        0  py32md3xx_it.o(.text.LL_USART_ClearFlag_IDLE)
    LL_USART_ClearFlag_ORE                   0x08000c9d   Thumb Code    20  main.o(.text.LL_USART_ClearFlag_ORE)
    [Anonymous Symbol]                       0x08000c9c   Section        0  main.o(.text.LL_USART_ClearFlag_ORE)
    LL_USART_ClearFlag_ORE                   0x08000cb1   Thumb Code    20  py32md3xx_it.o(.text.LL_USART_ClearFlag_ORE)
    [Anonymous Symbol]                       0x08000cb0   Section        0  py32md3xx_it.o(.text.LL_USART_ClearFlag_ORE)
    LL_USART_ConfigAsyncMode                 0x08000cc5   Thumb Code    24  main.o(.text.LL_USART_ConfigAsyncMode)
    [Anonymous Symbol]                       0x08000cc4   Section        0  main.o(.text.LL_USART_ConfigAsyncMode)
    __arm_cp.36_0                            0x08000cdc   Number         4  main.o(.text.LL_USART_ConfigAsyncMode)
    LL_USART_Enable                          0x08000ce1   Thumb Code    16  main.o(.text.LL_USART_Enable)
    [Anonymous Symbol]                       0x08000ce0   Section        0  main.o(.text.LL_USART_Enable)
    LL_USART_EnableDMAReq_RX                 0x08000cf1   Thumb Code    12  main.o(.text.LL_USART_EnableDMAReq_RX)
    [Anonymous Symbol]                       0x08000cf0   Section        0  main.o(.text.LL_USART_EnableDMAReq_RX)
    __arm_cp.49_0                            0x08000cfc   Number         4  main.o(.text.LL_USART_EnableDMAReq_RX)
    LL_USART_EnableIT_IDLE                   0x08000d01   Thumb Code    12  main.o(.text.LL_USART_EnableIT_IDLE)
    [Anonymous Symbol]                       0x08000d00   Section        0  main.o(.text.LL_USART_EnableIT_IDLE)
    __arm_cp.38_0                            0x08000d0c   Number         4  main.o(.text.LL_USART_EnableIT_IDLE)
    [Anonymous Symbol]                       0x08000d10   Section        0  py32md3xx_ll_usart.o(.text.LL_USART_Init)
    __arm_cp.5_0                             0x08000d78   Number         4  py32md3xx_ll_usart.o(.text.LL_USART_Init)
    LL_USART_IsActiveFlag_IDLE               0x08000d7d   Thumb Code    12  py32md3xx_it.o(.text.LL_USART_IsActiveFlag_IDLE)
    [Anonymous Symbol]                       0x08000d7c   Section        0  py32md3xx_it.o(.text.LL_USART_IsActiveFlag_IDLE)
    LL_USART_IsActiveFlag_ORE                0x08000d89   Thumb Code    12  py32md3xx_it.o(.text.LL_USART_IsActiveFlag_ORE)
    [Anonymous Symbol]                       0x08000d88   Section        0  py32md3xx_it.o(.text.LL_USART_IsActiveFlag_ORE)
    __arm_cp.23_0                            0x08000d94   Number         4  py32md3xx_it.o(.text.LL_USART_IsActiveFlag_ORE)
    LL_USART_IsEnabled                       0x08000d99   Thumb Code     8  py32md3xx_ll_usart.o(.text.LL_USART_IsEnabled)
    [Anonymous Symbol]                       0x08000d98   Section        0  py32md3xx_ll_usart.o(.text.LL_USART_IsEnabled)
    LL_USART_SetBaudRate                     0x08000da1   Thumb Code   132  py32md3xx_ll_usart.o(.text.LL_USART_SetBaudRate)
    [Anonymous Symbol]                       0x08000da0   Section        0  py32md3xx_ll_usart.o(.text.LL_USART_SetBaudRate)
    __arm_cp.9_0                             0x08000e24   Number         4  py32md3xx_ll_usart.o(.text.LL_USART_SetBaudRate)
    LL_USART_SetHWFlowCtrl                   0x08000e29   Thumb Code    14  py32md3xx_ll_usart.o(.text.LL_USART_SetHWFlowCtrl)
    [Anonymous Symbol]                       0x08000e28   Section        0  py32md3xx_ll_usart.o(.text.LL_USART_SetHWFlowCtrl)
    LL_USART_SetStopBitsLength               0x08000e37   Thumb Code    14  py32md3xx_ll_usart.o(.text.LL_USART_SetStopBitsLength)
    [Anonymous Symbol]                       0x08000e36   Section        0  py32md3xx_ll_usart.o(.text.LL_USART_SetStopBitsLength)
    [Anonymous Symbol]                       0x08000e44   Section        0  main.o(.text.Load_MotorConf)
    __arm_cp.11_0                            0x08000e70   Number         4  main.o(.text.Load_MotorConf)
    __arm_cp.11_1                            0x08000e74   Number         4  main.o(.text.Load_MotorConf)
    __arm_cp.11_2                            0x08000e78   Number         4  main.o(.text.Load_MotorConf)
    __arm_cp.11_3                            0x08000e7c   Number         4  main.o(.text.Load_MotorConf)
    __arm_cp.11_4                            0x08000e80   Number         4  main.o(.text.Load_MotorConf)
    [Anonymous Symbol]                       0x08000e84   Section        0  py32md3xx_it.o(.text.NMI_Handler)
    NVIC_Config                              0x08000e87   Thumb Code    36  main.o(.text.NVIC_Config)
    [Anonymous Symbol]                       0x08000e86   Section        0  main.o(.text.NVIC_Config)
    OC1Config                                0x08000ead   Thumb Code   124  py32md3xx_ll_tim.o(.text.OC1Config)
    [Anonymous Symbol]                       0x08000eac   Section        0  py32md3xx_ll_tim.o(.text.OC1Config)
    __arm_cp.13_0                            0x08000f28   Number         4  py32md3xx_ll_tim.o(.text.OC1Config)
    __arm_cp.13_1                            0x08000f2c   Number         4  py32md3xx_ll_tim.o(.text.OC1Config)
    __arm_cp.13_2                            0x08000f30   Number         4  py32md3xx_ll_tim.o(.text.OC1Config)
    OC2Config                                0x08000f35   Thumb Code   140  py32md3xx_ll_tim.o(.text.OC2Config)
    [Anonymous Symbol]                       0x08000f34   Section        0  py32md3xx_ll_tim.o(.text.OC2Config)
    __arm_cp.14_3                            0x08000fc0   Number         4  py32md3xx_ll_tim.o(.text.OC2Config)
    OC3Config                                0x08000fc5   Thumb Code   140  py32md3xx_ll_tim.o(.text.OC3Config)
    [Anonymous Symbol]                       0x08000fc4   Section        0  py32md3xx_ll_tim.o(.text.OC3Config)
    __arm_cp.15_0                            0x08001050   Number         4  py32md3xx_ll_tim.o(.text.OC3Config)
    __arm_cp.15_4                            0x08001054   Number         4  py32md3xx_ll_tim.o(.text.OC3Config)
    OC4Config                                0x08001059   Thumb Code   112  py32md3xx_ll_tim.o(.text.OC4Config)
    [Anonymous Symbol]                       0x08001058   Section        0  py32md3xx_ll_tim.o(.text.OC4Config)
    __arm_cp.16_0                            0x080010c8   Number         4  py32md3xx_ll_tim.o(.text.OC4Config)
    __arm_cp.16_1                            0x080010cc   Number         4  py32md3xx_ll_tim.o(.text.OC4Config)
    __arm_cp.16_2                            0x080010d0   Number         4  py32md3xx_ll_tim.o(.text.OC4Config)
    [Anonymous Symbol]                       0x080010d4   Section        0  py32md3xx_it.o(.text.PendSV_Handler)
    Q15_Multiply                             0x080010d7   Thumb Code    14  py32md3xx_it.o(.text.Q15_Multiply)
    [Anonymous Symbol]                       0x080010d6   Section        0  py32md3xx_it.o(.text.Q15_Multiply)
    Q15_Multiply                             0x080010e5   Thumb Code    14  foc.o(.text.Q15_Multiply)
    [Anonymous Symbol]                       0x080010e4   Section        0  foc.o(.text.Q15_Multiply)
    [Anonymous Symbol]                       0x080010f4   Section        0  py32md3xx_ll_rcc.o(.text.RCC_GetHCLKClockFreq)
    __arm_cp.8_0                             0x08001110   Number         4  py32md3xx_ll_rcc.o(.text.RCC_GetHCLKClockFreq)
    [Anonymous Symbol]                       0x08001114   Section        0  py32md3xx_ll_rcc.o(.text.RCC_GetPCLK1ClockFreq)
    __arm_cp.9_0                             0x08001130   Number         4  py32md3xx_ll_rcc.o(.text.RCC_GetPCLK1ClockFreq)
    [Anonymous Symbol]                       0x08001134   Section        0  py32md3xx_ll_rcc.o(.text.RCC_GetSystemClockFreq)
    __arm_cp.7_1                             0x0800116c   Number         4  py32md3xx_ll_rcc.o(.text.RCC_GetSystemClockFreq)
    [Anonymous Symbol]                       0x08001170   Section        0  py32md3xx_ll_rcc.o(.text.RCC_PLL_GetFreqDomain_SYS)
    [Anonymous Symbol]                       0x0800117e   Section        0  foc.o(.text.Read_encoder)
    [Anonymous Symbol]                       0x080011a8   Section        0  py32md3xx_it.o(.text.SVC_Handler)
    [Anonymous Symbol]                       0x080011ac   Section        0  main.o(.text.Save_MotorConf)
    __arm_cp.0_0                             0x080011f8   Number         4  main.o(.text.Save_MotorConf)
    [Anonymous Symbol]                       0x080011fc   Section        0  py32md3xx_it.o(.text.SysTick_Handler)
    [Anonymous Symbol]                       0x08001200   Section        0  system_py32md3xx.o(.text.SystemInit)
    __arm_cp.1_0                             0x08001224   Number         4  system_py32md3xx.o(.text.SystemInit)
    __arm_cp.1_1                             0x08001228   Number         4  system_py32md3xx.o(.text.SystemInit)
    __arm_cp.1_2                             0x0800122c   Number         4  system_py32md3xx.o(.text.SystemInit)
    __arm_cp.1_3                             0x08001230   Number         4  system_py32md3xx.o(.text.SystemInit)
    __arm_cp.1_4                             0x08001234   Number         4  system_py32md3xx.o(.text.SystemInit)
    [Anonymous Symbol]                       0x08001238   Section        0  py32md3xx_it.o(.text.TIM1_BRK_UP_TRG_COM_IRQHandler)
    __arm_cp.5_0                             0x08001420   Number         4  py32md3xx_it.o(.text.TIM1_BRK_UP_TRG_COM_IRQHandler)
    __arm_cp.5_1                             0x08001424   Number         4  py32md3xx_it.o(.text.TIM1_BRK_UP_TRG_COM_IRQHandler)
    __arm_cp.5_2                             0x08001428   Number         4  py32md3xx_it.o(.text.TIM1_BRK_UP_TRG_COM_IRQHandler)
    __arm_cp.5_3                             0x0800142c   Number         4  py32md3xx_it.o(.text.TIM1_BRK_UP_TRG_COM_IRQHandler)
    __arm_cp.5_4                             0x08001430   Number         4  py32md3xx_it.o(.text.TIM1_BRK_UP_TRG_COM_IRQHandler)
    __arm_cp.5_5                             0x08001434   Number         4  py32md3xx_it.o(.text.TIM1_BRK_UP_TRG_COM_IRQHandler)
    __arm_cp.5_6                             0x08001438   Number         4  py32md3xx_it.o(.text.TIM1_BRK_UP_TRG_COM_IRQHandler)
    __arm_cp.5_7                             0x0800143c   Number         4  py32md3xx_it.o(.text.TIM1_BRK_UP_TRG_COM_IRQHandler)
    __arm_cp.5_10                            0x08001440   Number         4  py32md3xx_it.o(.text.TIM1_BRK_UP_TRG_COM_IRQHandler)
    __arm_cp.5_11                            0x08001444   Number         4  py32md3xx_it.o(.text.TIM1_BRK_UP_TRG_COM_IRQHandler)
    __arm_cp.5_14                            0x08001448   Number         4  py32md3xx_it.o(.text.TIM1_BRK_UP_TRG_COM_IRQHandler)
    __arm_cp.5_15                            0x0800144c   Number         4  py32md3xx_it.o(.text.TIM1_BRK_UP_TRG_COM_IRQHandler)
    __arm_cp.5_16                            0x08001450   Number         4  py32md3xx_it.o(.text.TIM1_BRK_UP_TRG_COM_IRQHandler)
    __arm_cp.5_17                            0x08001454   Number         4  py32md3xx_it.o(.text.TIM1_BRK_UP_TRG_COM_IRQHandler)
    __arm_cp.5_18                            0x08001458   Number         4  py32md3xx_it.o(.text.TIM1_BRK_UP_TRG_COM_IRQHandler)
    [Anonymous Symbol]                       0x0800145c   Section        0  py32md3xx_it.o(.text.USART2_IRQHandler)
    __arm_cp.11_0                            0x0800164c   Number         4  py32md3xx_it.o(.text.USART2_IRQHandler)
    __arm_cp.11_1                            0x08001650   Number         4  py32md3xx_it.o(.text.USART2_IRQHandler)
    __arm_cp.11_2                            0x08001654   Number         4  py32md3xx_it.o(.text.USART2_IRQHandler)
    __arm_cp.11_3                            0x08001658   Number         4  py32md3xx_it.o(.text.USART2_IRQHandler)
    __arm_cp.11_4                            0x0800165c   Number         4  py32md3xx_it.o(.text.USART2_IRQHandler)
    __arm_cp.11_5                            0x08001660   Number         4  py32md3xx_it.o(.text.USART2_IRQHandler)
    __arm_cp.11_6                            0x08001664   Number         4  py32md3xx_it.o(.text.USART2_IRQHandler)
    __arm_cp.11_7                            0x08001668   Number         4  py32md3xx_it.o(.text.USART2_IRQHandler)
    __arm_cp.11_8                            0x0800166c   Number         4  py32md3xx_it.o(.text.USART2_IRQHandler)
    UTILS_EnablePLLAndSwitchSystem           0x08001671   Thumb Code   120  py32md3xx_ll_utils.o(.text.UTILS_EnablePLLAndSwitchSystem)
    [Anonymous Symbol]                       0x08001670   Section        0  py32md3xx_ll_utils.o(.text.UTILS_EnablePLLAndSwitchSystem)
    __arm_cp.10_0                            0x080016e8   Number         4  py32md3xx_ll_utils.o(.text.UTILS_EnablePLLAndSwitchSystem)
    __arm_cp.10_1                            0x080016ec   Number         4  py32md3xx_ll_utils.o(.text.UTILS_EnablePLLAndSwitchSystem)
    UTILS_PLL_IsBusy                         0x080016f1   Thumb Code    12  py32md3xx_ll_utils.o(.text.UTILS_PLL_IsBusy)
    [Anonymous Symbol]                       0x080016f0   Section        0  py32md3xx_ll_utils.o(.text.UTILS_PLL_IsBusy)
    __NVIC_EnableIRQ                         0x080016fd   Thumb Code    16  main.o(.text.__NVIC_EnableIRQ)
    [Anonymous Symbol]                       0x080016fc   Section        0  main.o(.text.__NVIC_EnableIRQ)
    __arm_cp.35_0                            0x0800170c   Number         4  main.o(.text.__NVIC_EnableIRQ)
    __NVIC_SetPriority                       0x08001711   Thumb Code    36  main.o(.text.__NVIC_SetPriority)
    [Anonymous Symbol]                       0x08001710   Section        0  main.o(.text.__NVIC_SetPriority)
    __arm_cp.34_0                            0x08001734   Number         4  main.o(.text.__NVIC_SetPriority)
    fast_cos_q15_raw                         0x08001739   Thumb Code    16  py32md3xx_it.o(.text.fast_cos_q15_raw)
    [Anonymous Symbol]                       0x08001738   Section        0  py32md3xx_it.o(.text.fast_cos_q15_raw)
    fast_sin_q15_raw                         0x08001749   Thumb Code    40  py32md3xx_it.o(.text.fast_sin_q15_raw)
    [Anonymous Symbol]                       0x08001748   Section        0  py32md3xx_it.o(.text.fast_sin_q15_raw)
    __arm_cp.9_0                             0x08001770   Number         4  py32md3xx_it.o(.text.fast_sin_q15_raw)
    __arm_cp.9_1                             0x08001774   Number         4  py32md3xx_it.o(.text.fast_sin_q15_raw)
    [Anonymous Symbol]                       0x08001778   Section        0  main.o(.text.main)
    __arm_cp.12_0                            0x080017d4   Number         4  main.o(.text.main)
    __arm_cp.12_2                            0x080017d8   Number         4  main.o(.text.main)
    __arm_cp.12_3                            0x080017dc   Number         4  main.o(.text.main)
    __arm_cp.12_4                            0x080017e0   Number         4  main.o(.text.main)
    __arm_cp.12_5                            0x080017e4   Number         4  main.o(.text.main)
    __arm_cp.12_6                            0x080017e8   Number         4  main.o(.text.main)
    [Anonymous Symbol]                       0x080017ec   Section        0  foc.o(.text.set_PWM_level)
    __arm_cp.7_0                             0x08001988   Number         4  foc.o(.text.set_PWM_level)
    __arm_cp.7_1                             0x0800198c   Number         4  foc.o(.text.set_PWM_level)
    __arm_cp.7_2                             0x08001990   Number         4  foc.o(.text.set_PWM_level)
    sector_lookup                            0x08001994   Number         0  foc.o(.text.set_PWM_level)
    __arm_cp.7_4                             0x0800199c   Number         4  foc.o(.text.set_PWM_level)
    __arm_cp.7_5                             0x080019a0   Number         4  foc.o(.text.set_PWM_level)
    __arm_cp.7_6                             0x080019a4   Number         4  foc.o(.text.set_PWM_level)
    __arm_cp.7_7                             0x080019a8   Number         4  foc.o(.text.set_PWM_level)
    __arm_cp.7_8                             0x080019ac   Number         4  foc.o(.text.set_PWM_level)
    i.__scatterload_copy                     0x080019b0   Section       14  handlers.o(i.__scatterload_copy)
    i.__scatterload_null                     0x080019be   Section        2  handlers.o(i.__scatterload_null)
    i.__scatterload_zeroinit                 0x080019c0   Section       14  handlers.o(i.__scatterload_zeroinit)
    T1                                       0x200000d8   Data           2  foc.o(.bss.T1)
    [Anonymous Symbol]                       0x200000d8   Section        0  foc.o(.bss.T1)
    T2                                       0x200000da   Data           2  foc.o(.bss.T2)
    [Anonymous Symbol]                       0x200000da   Section        0  foc.o(.bss.T2)
    level_u                                  0x20000174   Data           2  foc.o(.bss.level_u)
    [Anonymous Symbol]                       0x20000174   Section        0  foc.o(.bss.level_u)
    level_v                                  0x20000176   Data           2  foc.o(.bss.level_v)
    [Anonymous Symbol]                       0x20000176   Section        0  foc.o(.bss.level_v)
    level_w                                  0x20000178   Data           2  foc.o(.bss.level_w)
    [Anonymous Symbol]                       0x20000178   Section        0  foc.o(.bss.level_w)
    STACK                                    0x200001a8   Section     1024  startup_py32md320xx.o(STACK)

    Global Symbols

    Symbol Name                              Value     Ov Type        Size  Object(Section)

    BuildAttributes$$THM_ISAv3M$S$PE$A:L22$X:L11$S22$IEEE1$IW$~IW$USESV6$~STKCKD$USESV7$~SHL$OTIME$EBA8$MICROLIB$REQ8$PRES8$EABIv2 0x00000000   Number         0  anon$$obj.o ABSOLUTE
    __cpp_initialize__aeabi_                  - Undefined Weak Reference
    __cxa_finalize                            - Undefined Weak Reference
    __decompress                              - Undefined Weak Reference
    _clock_init                               - Undefined Weak Reference
    _microlib_exit                            - Undefined Weak Reference
    __Vectors_Size                           0x000000c0   Number         0  startup_py32md320xx.o ABSOLUTE
    __Vectors                                0x08000000   Data           4  startup_py32md320xx.o(RESET)
    __Vectors_End                            0x080000c0   Data           0  startup_py32md320xx.o(RESET)
    __main                                   0x080000c1   Thumb Code     0  entry.o(.ARM.Collect$$$$00000000)
    _main_stk                                0x080000c1   Thumb Code     0  entry2.o(.ARM.Collect$$$$00000001)
    _main_scatterload                        0x080000c5   Thumb Code     0  entry5.o(.ARM.Collect$$$$00000004)
    __main_after_scatterload                 0x080000c9   Thumb Code     0  entry5.o(.ARM.Collect$$$$00000004)
    _main_clock                              0x080000c9   Thumb Code     0  entry7b.o(.ARM.Collect$$$$00000008)
    _main_cpp_init                           0x080000c9   Thumb Code     0  entry8b.o(.ARM.Collect$$$$0000000A)
    _main_init                               0x080000c9   Thumb Code     0  entry9a.o(.ARM.Collect$$$$0000000B)
    __rt_final_cpp                           0x080000d1   Thumb Code     0  entry10a.o(.ARM.Collect$$$$0000000D)
    __rt_final_exit                          0x080000d1   Thumb Code     0  entry11a.o(.ARM.Collect$$$$0000000F)
    Reset_Handler                            0x080000d5   Thumb Code     8  startup_py32md320xx.o(.text)
    ADC_COMP_IRQHandler                      0x080000e7   Thumb Code     0  startup_py32md320xx.o(.text)
    DMA1_Channel1_IRQHandler                 0x080000e7   Thumb Code     0  startup_py32md320xx.o(.text)
    DMA1_Channel2_3_IRQHandler               0x080000e7   Thumb Code     0  startup_py32md320xx.o(.text)
    EXTI0_1_IRQHandler                       0x080000e7   Thumb Code     0  startup_py32md320xx.o(.text)
    EXTI2_3_IRQHandler                       0x080000e7   Thumb Code     0  startup_py32md320xx.o(.text)
    EXTI4_15_IRQHandler                      0x080000e7   Thumb Code     0  startup_py32md320xx.o(.text)
    FLASH_IRQHandler                         0x080000e7   Thumb Code     0  startup_py32md320xx.o(.text)
    I2C1_IRQHandler                          0x080000e7   Thumb Code     0  startup_py32md320xx.o(.text)
    LPTIM1_IRQHandler                        0x080000e7   Thumb Code     0  startup_py32md320xx.o(.text)
    PVD_IRQHandler                           0x080000e7   Thumb Code     0  startup_py32md320xx.o(.text)
    RCC_IRQHandler                           0x080000e7   Thumb Code     0  startup_py32md320xx.o(.text)
    RTC_IRQHandler                           0x080000e7   Thumb Code     0  startup_py32md320xx.o(.text)
    SPI1_IRQHandler                          0x080000e7   Thumb Code     0  startup_py32md320xx.o(.text)
    SPI2_IRQHandler                          0x080000e7   Thumb Code     0  startup_py32md320xx.o(.text)
    TIM14_IRQHandler                         0x080000e7   Thumb Code     0  startup_py32md320xx.o(.text)
    TIM16_IRQHandler                         0x080000e7   Thumb Code     0  startup_py32md320xx.o(.text)
    TIM17_IRQHandler                         0x080000e7   Thumb Code     0  startup_py32md320xx.o(.text)
    TIM1_CC_IRQHandler                       0x080000e7   Thumb Code     0  startup_py32md320xx.o(.text)
    TIM3_IRQHandler                          0x080000e7   Thumb Code     0  startup_py32md320xx.o(.text)
    USART1_IRQHandler                        0x080000e7   Thumb Code     0  startup_py32md320xx.o(.text)
    WWDG_IRQHandler                          0x080000e7   Thumb Code     0  startup_py32md320xx.o(.text)
    __aeabi_memset                           0x080000f1   Thumb Code    14  memseta.o(.text)
    __aeabi_memset4                          0x080000f1   Thumb Code     0  memseta.o(.text)
    __aeabi_memset8                          0x080000f1   Thumb Code     0  memseta.o(.text)
    __aeabi_memclr                           0x080000ff   Thumb Code     4  memseta.o(.text)
    __aeabi_memclr4                          0x080000ff   Thumb Code     0  memseta.o(.text)
    __aeabi_memclr8                          0x080000ff   Thumb Code     0  memseta.o(.text)
    _memset$wrapper                          0x08000103   Thumb Code    18  memseta.o(.text)
    __aeabi_uidiv                            0x08000115   Thumb Code     0  uidiv_div0.o(.text)
    __aeabi_uidivmod                         0x08000115   Thumb Code    62  uidiv_div0.o(.text)
    __scatterload                            0x08000155   Thumb Code    28  init.o(.text)
    __scatterload_rt2                        0x08000155   Thumb Code     0  init.o(.text)
    main                                     0x08000179   Thumb Code    36  system_py32md3xx.o(.text.$Sub$$main)
    HardFault_Handler                        0x08000479   Thumb Code     2  py32md3xx_it.o(.text.HardFault_Handler)
    LL_GPIO_Init                             0x0800066d   Thumb Code   128  py32md3xx_ll_gpio.o(.text.LL_GPIO_Init)
    LL_Init1msTick                           0x080007bd   Thumb Code     8  py32md3xx_ll_utils.o(.text.LL_Init1msTick)
    LL_PLL_ConfigSystemClock_HSI             0x080007e5   Thumb Code    80  py32md3xx_ll_utils.o(.text.LL_PLL_ConfigSystemClock_HSI)
    LL_RCC_GetSystemClocksFreq               0x08000875   Thumb Code    24  py32md3xx_ll_rcc.o(.text.LL_RCC_GetSystemClocksFreq)
    LL_SPI_Init                              0x0800099d   Thumb Code   104  py32md3xx_ll_spi.o(.text.LL_SPI_Init)
    LL_SetFlashLatency                       0x08000a81   Thumb Code    60  py32md3xx_ll_utils.o(.text.LL_SetFlashLatency)
    LL_SetSystemCoreClock                    0x08000ac5   Thumb Code     8  py32md3xx_ll_utils.o(.text.LL_SetSystemCoreClock)
    LL_TIM_Init                              0x08000b51   Thumb Code   136  py32md3xx_ll_tim.o(.text.LL_TIM_Init)
    LL_TIM_OC_Init                           0x08000bf9   Thumb Code    80  py32md3xx_ll_tim.o(.text.LL_TIM_OC_Init)
    LL_USART_Init                            0x08000d11   Thumb Code   104  py32md3xx_ll_usart.o(.text.LL_USART_Init)
    Load_MotorConf                           0x08000e45   Thumb Code    44  main.o(.text.Load_MotorConf)
    NMI_Handler                              0x08000e85   Thumb Code     2  py32md3xx_it.o(.text.NMI_Handler)
    PendSV_Handler                           0x080010d5   Thumb Code     2  py32md3xx_it.o(.text.PendSV_Handler)
    RCC_GetHCLKClockFreq                     0x080010f5   Thumb Code    28  py32md3xx_ll_rcc.o(.text.RCC_GetHCLKClockFreq)
    RCC_GetPCLK1ClockFreq                    0x08001115   Thumb Code    28  py32md3xx_ll_rcc.o(.text.RCC_GetPCLK1ClockFreq)
    RCC_GetSystemClockFreq                   0x08001135   Thumb Code    56  py32md3xx_ll_rcc.o(.text.RCC_GetSystemClockFreq)
    RCC_PLL_GetFreqDomain_SYS                0x08001171   Thumb Code    14  py32md3xx_ll_rcc.o(.text.RCC_PLL_GetFreqDomain_SYS)
    Read_encoder                             0x0800117f   Thumb Code    42  foc.o(.text.Read_encoder)
    SVC_Handler                              0x080011a9   Thumb Code     2  py32md3xx_it.o(.text.SVC_Handler)
    Save_MotorConf                           0x080011ad   Thumb Code    76  main.o(.text.Save_MotorConf)
    SysTick_Handler                          0x080011fd   Thumb Code     2  py32md3xx_it.o(.text.SysTick_Handler)
    SystemInit                               0x08001201   Thumb Code    36  system_py32md3xx.o(.text.SystemInit)
    TIM1_BRK_UP_TRG_COM_IRQHandler           0x08001239   Thumb Code   488  py32md3xx_it.o(.text.TIM1_BRK_UP_TRG_COM_IRQHandler)
    USART2_IRQHandler                        0x0800145d   Thumb Code   496  py32md3xx_it.o(.text.USART2_IRQHandler)
    $Super$$main                             0x08001779   Thumb Code    92  main.o(.text.main)
    set_PWM_level                            0x080017ed   Thumb Code   412  foc.o(.text.set_PWM_level)
    __scatterload_copy                       0x080019b1   Thumb Code    14  handlers.o(i.__scatterload_copy)
    __scatterload_null                       0x080019bf   Thumb Code     2  handlers.o(i.__scatterload_null)
    __scatterload_zeroinit                   0x080019c1   Thumb Code    14  handlers.o(i.__scatterload_zeroinit)
    AHBPrescTable                            0x080019d0   Data          64  system_py32md3xx.o(.rodata.AHBPrescTable)
    APBPrescTable                            0x08001a10   Data          32  system_py32md3xx.o(.rodata.APBPrescTable)
    HSIFreqTable                             0x08001a30   Data          32  system_py32md3xx.o(.rodata.HSIFreqTable)
    sin_q15_table_512                        0x08001a50   Data         258  trig_q15_func.o(.rodata.sin_q15_table_512)
    Region$$Table$$Base                      0x08001b54   Number         0  anon$$obj.o(Region$$Table)
    Region$$Table$$Limit                     0x08001b74   Number         0  anon$$obj.o(Region$$Table)
    VECT_SRAM_TAB                            0x20000000   Data         192  system_py32md3xx.o(.ARM.__at_0x20000000)
    BufferActivated                          0x200000c0   Data           1  py32md3xx_it.o(.data.BufferActivated)
    SystemCoreClock                          0x200000c4   Data           4  system_py32md3xx.o(.data.SystemCoreClock)
    BufferRecieve                            0x200000c8   Data           1  py32md3xx_it.o(.bss.BufferRecieve)
    CommandBuffer                            0x200000ca   Data          12  py32md3xx_it.o(.bss.CommandBuffer)
    Speed_subCounter                         0x200000d6   Data           1  py32md3xx_it.o(.bss.Speed_subCounter)
    conf                                     0x200000dc   Data          16  py32md3xx_it.o(.bss.conf)
    d_raw_angle                              0x200000ec   Data           2  py32md3xx_it.o(.bss.d_raw_angle)
    electric_angle                           0x200000ee   Data           2  py32md3xx_it.o(.bss.electric_angle)
    encoder_prev                             0x200000f0   Data           2  py32md3xx_it.o(.bss.encoder_prev)
    flash_buffer                             0x200000f4   Data         128  main.o(.bss.flash_buffer)
    motor                                    0x2000017a   Data          17  py32md3xx_it.o(.bss.motor)
    position                                 0x2000018c   Data          10  py32md3xx_it.o(.bss.position)
    sign                                     0x20000196   Data           1  py32md3xx_it.o(.bss.sign)
    speed                                    0x20000198   Data          10  py32md3xx_it.o(.bss.speed)
    __initial_sp                             0x200005a8   Data           0  startup_py32md320xx.o(STACK)



==============================================================================

Memory Map of the image

  Image Entry point : 0x080000c1

  Load Region LR_IROM1 (Base: 0x08000000, Size: 0x00001c40, Max: 0x00010000, ABSOLUTE)

    Execution Region ER_IROM1 (Exec base: 0x08000000, Load base: 0x08000000, Size: 0x00001b74, Max: 0x00010000, ABSOLUTE)

    Exec Addr    Load Addr    Size         Type   Attr      Idx    E Section Name        Object

    0x08000000   0x08000000   0x000000c0   Data   RO           22    RESET               startup_py32md320xx.o
    0x080000c0   0x080000c0   0x00000000   Code   RO          783  * .ARM.Collect$$$$00000000  mc_p.l(entry.o)
    0x080000c0   0x080000c0   0x00000004   Code   RO          794    .ARM.Collect$$$$00000001  mc_p.l(entry2.o)
    0x080000c4   0x080000c4   0x00000004   Code   RO          797    .ARM.Collect$$$$00000004  mc_p.l(entry5.o)
    0x080000c8   0x080000c8   0x00000000   Code   RO          799    .ARM.Collect$$$$00000008  mc_p.l(entry7b.o)
    0x080000c8   0x080000c8   0x00000000   Code   RO          801    .ARM.Collect$$$$0000000A  mc_p.l(entry8b.o)
    0x080000c8   0x080000c8   0x00000008   Code   RO          802    .ARM.Collect$$$$0000000B  mc_p.l(entry9a.o)
    0x080000d0   0x080000d0   0x00000000   Code   RO          804    .ARM.Collect$$$$0000000D  mc_p.l(entry10a.o)
    0x080000d0   0x080000d0   0x00000000   Code   RO          806    .ARM.Collect$$$$0000000F  mc_p.l(entry11a.o)
    0x080000d0   0x080000d0   0x00000004   Code   RO          795    .ARM.Collect$$$$00002712  mc_p.l(entry2.o)
    0x080000d4   0x080000d4   0x0000001c   Code   RO           23    .text               startup_py32md320xx.o
    0x080000f0   0x080000f0   0x00000024   Code   RO          792    .text               mc_p.l(memseta.o)
    0x08000114   0x08000114   0x0000003e   Code   RO          812    .text               mc_p.l(uidiv_div0.o)
    0x08000152   0x08000152   0x00000002   PAD
    0x08000154   0x08000154   0x00000024   Code   RO          818    .text               mc_p.l(init.o)
    0x08000178   0x08000178   0x0000002c   Code   RO            6    .text.$Sub$$main    system_py32md3xx.o
    0x080001a4   0x080001a4   0x00000040   Code   RO          104    .text.APP_DMAConfig  main.o
    0x080001e4   0x080001e4   0x0000002c   Code   RO           60    .text.APP_GPIOConfig  main.o
    0x08000210   0x08000210   0x000000a8   Code   RO           66    .text.APP_PWMChannelConfig  main.o
    0x080002b8   0x080002b8   0x000000b0   Code   RO           62    .text.APP_SPI1Config  main.o
    0x08000368   0x08000368   0x00000054   Code   RO           56    .text.APP_SystemClockConfig  main.o
    0x080003bc   0x080003bc   0x00000034   Code   RO           68    .text.APP_TIM1BaseConfig  main.o
    0x080003f0   0x080003f0   0x00000088   Code   RO           64    .text.APP_USARTConfig  main.o
    0x08000478   0x08000478   0x00000002   Code   RO          146    .text.HardFault_Handler  py32md3xx_it.o
    0x0800047a   0x0800047a   0x00000002   PAD
    0x0800047c   0x0800047c   0x0000001c   Code   RO          110    .text.LL_AHB1_GRP1_EnableClock  main.o
    0x08000498   0x08000498   0x00000020   Code   RO           96    .text.LL_APB1_GRP1_EnableClock  main.o
    0x080004b8   0x080004b8   0x0000001c   Code   RO           90    .text.LL_APB1_GRP2_EnableClock  main.o
    0x080004d4   0x080004d4   0x00000024   Code   RO          112    .text.LL_DMA_ConfigTransfer  main.o
    0x080004f8   0x080004f8   0x0000000c   Code   RO          172    .text.LL_DMA_DisableChannel  py32md3xx_it.o
    0x08000504   0x08000504   0x0000000c   Code   RO          124    .text.LL_DMA_EnableChannel  main.o
    0x08000510   0x08000510   0x00000010   Code   RO          188    .text.LL_DMA_EnableChannel  py32md3xx_it.o
    0x08000520   0x08000520   0x00000010   Code   RO          122    .text.LL_DMA_SetDataLength  main.o
    0x08000530   0x08000530   0x00000018   Code   RO          186    .text.LL_DMA_SetDataLength  py32md3xx_it.o
    0x08000548   0x08000548   0x0000000c   Code   RO          118    .text.LL_DMA_SetMemoryAddress  main.o
    0x08000554   0x08000554   0x0000000c   Code   RO          184    .text.LL_DMA_SetMemoryAddress  py32md3xx_it.o
    0x08000560   0x08000560   0x00000010   Code   RO          120    .text.LL_DMA_SetPeriphAddress  main.o
    0x08000570   0x08000570   0x00000008   Code   RO           44    .text.LL_FLASH_ClearFlag_EOP  main.o
    0x08000578   0x08000578   0x00000010   Code   RO           46    .text.LL_FLASH_DisableIT_EOP  main.o
    0x08000588   0x08000588   0x0000000c   Code   RO           48    .text.LL_FLASH_DisablePageProgram  main.o
    0x08000594   0x08000594   0x00000010   Code   RO           34    .text.LL_FLASH_EnableIT_EOP  main.o
    0x080005a4   0x080005a4   0x0000000c   Code   RO           36    .text.LL_FLASH_EnablePageProgram  main.o
    0x080005b0   0x080005b0   0x00000010   Code   RO           76    .text.LL_FLASH_EnablePageProgramStart  main.o
    0x080005c0   0x080005c0   0x0000000c   Code   RO          283    .text.LL_FLASH_GetLatency  py32md3xx_ll_utils.o
    0x080005cc   0x080005cc   0x0000000c   Code   RO           40    .text.LL_FLASH_IsActiveFlag_BUSY  main.o
    0x080005d8   0x080005d8   0x00000010   Code   RO           42    .text.LL_FLASH_IsActiveFlag_EOP  main.o
    0x080005e8   0x080005e8   0x00000014   Code   RO           50    .text.LL_FLASH_Lock  main.o
    0x080005fc   0x080005fc   0x0000003c   Code   RO           38    .text.LL_FLASH_PageProgram  main.o
    0x08000638   0x08000638   0x00000014   Code   RO          281    .text.LL_FLASH_SetLatency  py32md3xx_ll_utils.o
    0x0800064c   0x0800064c   0x00000020   Code   RO           32    .text.LL_FLASH_Unlock  main.o
    0x0800066c   0x0800066c   0x00000080   Code   RO          436    .text.LL_GPIO_Init  py32md3xx_ll_gpio.o
    0x080006ec   0x080006ec   0x00000008   Code   RO           70    .text.LL_GPIO_ResetOutputPin  main.o
    0x080006f4   0x080006f4   0x00000010   Code   RO          216    .text.LL_GPIO_ResetOutputPin  foc.o
    0x08000704   0x08000704   0x00000014   Code   RO          444    .text.LL_GPIO_SetAFPin_0_7  py32md3xx_ll_gpio.o
    0x08000718   0x08000718   0x00000016   Code   RO          446    .text.LL_GPIO_SetAFPin_8_15  py32md3xx_ll_gpio.o
    0x0800072e   0x0800072e   0x00000002   PAD
    0x08000730   0x08000730   0x0000000c   Code   RO           92    .text.LL_GPIO_SetOutputPin  main.o
    0x0800073c   0x0800073c   0x00000010   Code   RO          226    .text.LL_GPIO_SetOutputPin  foc.o
    0x0800074c   0x0800074c   0x00000012   Code   RO          438    .text.LL_GPIO_SetPinMode  py32md3xx_ll_gpio.o
    0x0800075e   0x0800075e   0x0000000c   Code   RO          448    .text.LL_GPIO_SetPinOutputType  py32md3xx_ll_gpio.o
    0x0800076a   0x0800076a   0x00000012   Code   RO          442    .text.LL_GPIO_SetPinPull  py32md3xx_ll_gpio.o
    0x0800077c   0x0800077c   0x00000012   Code   RO          440    .text.LL_GPIO_SetPinSpeed  py32md3xx_ll_gpio.o
    0x0800078e   0x0800078e   0x00000002   PAD
    0x08000790   0x08000790   0x00000010   Code   RO          182    .text.LL_GPIO_TogglePin  py32md3xx_it.o
    0x080007a0   0x080007a0   0x0000001c   Code   RO           88    .text.LL_IOP_GRP1_EnableClock  main.o
    0x080007bc   0x080007bc   0x00000008   Code   RO          257    .text.LL_Init1msTick  py32md3xx_ll_utils.o
    0x080007c4   0x080007c4   0x00000020   Code   RO          259    .text.LL_InitTick   py32md3xx_ll_utils.o
    0x080007e4   0x080007e4   0x00000054   Code   RO          265    .text.LL_PLL_ConfigSystemClock_HSI  py32md3xx_ll_utils.o
    0x08000838   0x08000838   0x0000000c   Code   RO          574    .text.LL_RCC_GetAHBPrescaler  py32md3xx_ll_rcc.o
    0x08000844   0x08000844   0x0000000c   Code   RO          576    .text.LL_RCC_GetAPB1Prescaler  py32md3xx_ll_rcc.o
    0x08000850   0x08000850   0x0000000c   Code   RO          572    .text.LL_RCC_GetHSIDiv  py32md3xx_ll_rcc.o
    0x0800085c   0x0800085c   0x0000000c   Code   RO          293    .text.LL_RCC_GetSysClkSource  py32md3xx_ll_utils.o
    0x08000868   0x08000868   0x0000000c   Code   RO          530    .text.LL_RCC_GetSysClkSource  py32md3xx_ll_rcc.o
    0x08000874   0x08000874   0x00000018   Code   RO          534    .text.LL_RCC_GetSystemClocksFreq  py32md3xx_ll_rcc.o
    0x0800088c   0x0800088c   0x00000010   Code   RO           78    .text.LL_RCC_HSI_Enable  main.o
    0x0800089c   0x0800089c   0x00000010   Code   RO          273    .text.LL_RCC_HSI_Enable  py32md3xx_ll_utils.o
    0x080008ac   0x080008ac   0x00000010   Code   RO          269    .text.LL_RCC_HSI_GetFreq  py32md3xx_ll_utils.o
    0x080008bc   0x080008bc   0x00000014   Code   RO          546    .text.LL_RCC_HSI_GetFreq  py32md3xx_ll_rcc.o
    0x080008d0   0x080008d0   0x0000000c   Code   RO           82    .text.LL_RCC_HSI_IsReady  main.o
    0x080008dc   0x080008dc   0x0000000c   Code   RO          271    .text.LL_RCC_HSI_IsReady  py32md3xx_ll_utils.o
    0x080008e8   0x080008e8   0x00000018   Code   RO           80    .text.LL_RCC_HSI_SetCalibFreq  main.o
    0x08000900   0x08000900   0x00000010   Code   RO          287    .text.LL_RCC_PLL_Enable  py32md3xx_ll_utils.o
    0x08000910   0x08000910   0x00000008   Code   RO          578    .text.LL_RCC_PLL_GetMainSource  py32md3xx_ll_rcc.o
    0x08000918   0x08000918   0x00000010   Code   RO          285    .text.LL_RCC_PLL_IsReady  py32md3xx_ll_utils.o
    0x08000928   0x08000928   0x00000010   Code   RO          275    .text.LL_RCC_PLL_SetMainSource  py32md3xx_ll_utils.o
    0x08000938   0x08000938   0x00000010   Code   RO           84    .text.LL_RCC_SetAHBPrescaler  main.o
    0x08000948   0x08000948   0x00000010   Code   RO          289    .text.LL_RCC_SetAHBPrescaler  py32md3xx_ll_utils.o
    0x08000958   0x08000958   0x00000010   Code   RO           86    .text.LL_RCC_SetAPB1Prescaler  main.o
    0x08000968   0x08000968   0x00000010   Code   RO          295    .text.LL_RCC_SetAPB1Prescaler  py32md3xx_ll_utils.o
    0x08000978   0x08000978   0x00000014   Code   RO          291    .text.LL_RCC_SetSysClkSource  py32md3xx_ll_utils.o
    0x0800098c   0x0800098c   0x00000010   Code   RO           94    .text.LL_SPI_Enable  main.o
    0x0800099c   0x0800099c   0x00000070   Code   RO          656    .text.LL_SPI_Init   py32md3xx_ll_spi.o
    0x08000a0c   0x08000a0c   0x0000000c   Code   RO          222    .text.LL_SPI_IsActiveFlag_RXNE  foc.o
    0x08000a18   0x08000a18   0x00000010   Code   RO          218    .text.LL_SPI_IsActiveFlag_TXE  foc.o
    0x08000a28   0x08000a28   0x00000008   Code   RO          658    .text.LL_SPI_IsEnabled  py32md3xx_ll_spi.o
    0x08000a30   0x08000a30   0x00000008   Code   RO          224    .text.LL_SPI_ReceiveData16  foc.o
    0x08000a38   0x08000a38   0x0000000e   Code   RO          660    .text.LL_SPI_SetRxFIFOThreshold  py32md3xx_ll_spi.o
    0x08000a46   0x08000a46   0x00000002   PAD
    0x08000a48   0x08000a48   0x00000010   Code   RO          220    .text.LL_SPI_TransmitData16  foc.o
    0x08000a58   0x08000a58   0x00000010   Code   RO          114    .text.LL_SYSCFG_SetDMARemap_CH1  main.o
    0x08000a68   0x08000a68   0x00000018   Code   RO          116    .text.LL_SYSCFG_SetDMARemap_CH2  main.o
    0x08000a80   0x08000a80   0x00000044   Code   RO          279    .text.LL_SetFlashLatency  py32md3xx_ll_utils.o
    0x08000ac4   0x08000ac4   0x0000000c   Code   RO          263    .text.LL_SetSystemCoreClock  py32md3xx_ll_utils.o
    0x08000ad0   0x08000ad0   0x0000000c   Code   RO          158    .text.LL_TIM_ClearFlag_UPDATE  py32md3xx_it.o
    0x08000adc   0x08000adc   0x00000010   Code   RO          174    .text.LL_TIM_DisableAllOutputs  py32md3xx_it.o
    0x08000aec   0x08000aec   0x0000000c   Code   RO          176    .text.LL_TIM_DisableIT_UPDATE  py32md3xx_it.o
    0x08000af8   0x08000af8   0x00000010   Code   RO          130    .text.LL_TIM_EnableAllOutputs  main.o
    0x08000b08   0x08000b08   0x00000014   Code   RO          178    .text.LL_TIM_EnableAllOutputs  py32md3xx_it.o
    0x08000b1c   0x08000b1c   0x0000000c   Code   RO          132    .text.LL_TIM_EnableCounter  main.o
    0x08000b28   0x08000b28   0x0000000c   Code   RO           72    .text.LL_TIM_EnableIT_UPDATE  main.o
    0x08000b34   0x08000b34   0x00000010   Code   RO          180    .text.LL_TIM_EnableIT_UPDATE  py32md3xx_it.o
    0x08000b44   0x08000b44   0x0000000a   Code   RO          692    .text.LL_TIM_GenerateEvent_UPDATE  py32md3xx_ll_tim.o
    0x08000b4e   0x08000b4e   0x00000002   PAD
    0x08000b50   0x08000b50   0x00000098   Code   RO          684    .text.LL_TIM_Init   py32md3xx_ll_tim.o
    0x08000be8   0x08000be8   0x00000010   Code   RO          156    .text.LL_TIM_IsActiveFlag_UPDATE  py32md3xx_it.o
    0x08000bf8   0x08000bf8   0x00000050   Code   RO          696    .text.LL_TIM_OC_Init  py32md3xx_ll_tim.o
    0x08000c48   0x08000c48   0x0000000c   Code   RO          230    .text.LL_TIM_OC_SetCompareCH1  foc.o
    0x08000c54   0x08000c54   0x00000004   Code   RO          734    .text.LL_TIM_OC_SetCompareCH1  py32md3xx_ll_tim.o
    0x08000c58   0x08000c58   0x0000000c   Code   RO          232    .text.LL_TIM_OC_SetCompareCH2  foc.o
    0x08000c64   0x08000c64   0x00000004   Code   RO          728    .text.LL_TIM_OC_SetCompareCH2  py32md3xx_ll_tim.o
    0x08000c68   0x08000c68   0x0000000c   Code   RO          234    .text.LL_TIM_OC_SetCompareCH3  foc.o
    0x08000c74   0x08000c74   0x00000004   Code   RO          736    .text.LL_TIM_OC_SetCompareCH3  py32md3xx_ll_tim.o
    0x08000c78   0x08000c78   0x00000004   Code   RO          738    .text.LL_TIM_OC_SetCompareCH4  py32md3xx_ll_tim.o
    0x08000c7c   0x08000c7c   0x00000004   Code   RO          686    .text.LL_TIM_SetAutoReload  py32md3xx_ll_tim.o
    0x08000c80   0x08000c80   0x00000004   Code   RO          688    .text.LL_TIM_SetPrescaler  py32md3xx_ll_tim.o
    0x08000c84   0x08000c84   0x00000004   Code   RO          690    .text.LL_TIM_SetRepetitionCounter  py32md3xx_ll_tim.o
    0x08000c88   0x08000c88   0x00000014   Code   RO          170    .text.LL_USART_ClearFlag_IDLE  py32md3xx_it.o
    0x08000c9c   0x08000c9c   0x00000014   Code   RO          126    .text.LL_USART_ClearFlag_ORE  main.o
    0x08000cb0   0x08000cb0   0x00000014   Code   RO          192    .text.LL_USART_ClearFlag_ORE  py32md3xx_it.o
    0x08000cc4   0x08000cc4   0x0000001c   Code   RO          102    .text.LL_USART_ConfigAsyncMode  main.o
    0x08000ce0   0x08000ce0   0x00000010   Code   RO          108    .text.LL_USART_Enable  main.o
    0x08000cf0   0x08000cf0   0x00000010   Code   RO          128    .text.LL_USART_EnableDMAReq_RX  main.o
    0x08000d00   0x08000d00   0x00000010   Code   RO          106    .text.LL_USART_EnableIT_IDLE  main.o
    0x08000d10   0x08000d10   0x0000006c   Code   RO          758    .text.LL_USART_Init  py32md3xx_ll_usart.o
    0x08000d7c   0x08000d7c   0x0000000c   Code   RO          168    .text.LL_USART_IsActiveFlag_IDLE  py32md3xx_it.o
    0x08000d88   0x08000d88   0x00000010   Code   RO          190    .text.LL_USART_IsActiveFlag_ORE  py32md3xx_it.o
    0x08000d98   0x08000d98   0x00000008   Code   RO          760    .text.LL_USART_IsEnabled  py32md3xx_ll_usart.o
    0x08000da0   0x08000da0   0x00000088   Code   RO          766    .text.LL_USART_SetBaudRate  py32md3xx_ll_usart.o
    0x08000e28   0x08000e28   0x0000000e   Code   RO          764    .text.LL_USART_SetHWFlowCtrl  py32md3xx_ll_usart.o
    0x08000e36   0x08000e36   0x0000000e   Code   RO          762    .text.LL_USART_SetStopBitsLength  py32md3xx_ll_usart.o
    0x08000e44   0x08000e44   0x00000040   Code   RO           52    .text.Load_MotorConf  main.o
    0x08000e84   0x08000e84   0x00000002   Code   RO          144    .text.NMI_Handler   py32md3xx_it.o
    0x08000e86   0x08000e86   0x00000024   Code   RO           58    .text.NVIC_Config   main.o
    0x08000eaa   0x08000eaa   0x00000002   PAD
    0x08000eac   0x08000eac   0x00000088   Code   RO          698    .text.OC1Config     py32md3xx_ll_tim.o
    0x08000f34   0x08000f34   0x00000090   Code   RO          700    .text.OC2Config     py32md3xx_ll_tim.o
    0x08000fc4   0x08000fc4   0x00000094   Code   RO          702    .text.OC3Config     py32md3xx_ll_tim.o
    0x08001058   0x08001058   0x0000007c   Code   RO          704    .text.OC4Config     py32md3xx_ll_tim.o
    0x080010d4   0x080010d4   0x00000002   Code   RO          150    .text.PendSV_Handler  py32md3xx_it.o
    0x080010d6   0x080010d6   0x0000000e   Code   RO          160    .text.Q15_Multiply  py32md3xx_it.o
    0x080010e4   0x080010e4   0x0000000e   Code   RO          236    .text.Q15_Multiply  foc.o
    0x080010f2   0x080010f2   0x00000002   PAD
    0x080010f4   0x080010f4   0x00000020   Code   RO          538    .text.RCC_GetHCLKClockFreq  py32md3xx_ll_rcc.o
    0x08001114   0x08001114   0x00000020   Code   RO          540    .text.RCC_GetPCLK1ClockFreq  py32md3xx_ll_rcc.o
    0x08001134   0x08001134   0x0000003c   Code   RO          536    .text.RCC_GetSystemClockFreq  py32md3xx_ll_rcc.o
    0x08001170   0x08001170   0x0000000e   Code   RO          548    .text.RCC_PLL_GetFreqDomain_SYS  py32md3xx_ll_rcc.o
    0x0800117e   0x0800117e   0x0000002a   Code   RO          214    .text.Read_encoder  foc.o
    0x080011a8   0x080011a8   0x00000002   Code   RO          148    .text.SVC_Handler   py32md3xx_it.o
    0x080011aa   0x080011aa   0x00000002   PAD
    0x080011ac   0x080011ac   0x00000050   Code   RO           30    .text.Save_MotorConf  main.o
    0x080011fc   0x080011fc   0x00000002   Code   RO          152    .text.SysTick_Handler  py32md3xx_it.o
    0x080011fe   0x080011fe   0x00000002   PAD
    0x08001200   0x08001200   0x00000038   Code   RO            4    .text.SystemInit    system_py32md3xx.o
    0x08001238   0x08001238   0x00000224   Code   RO          154    .text.TIM1_BRK_UP_TRG_COM_IRQHandler  py32md3xx_it.o
    0x0800145c   0x0800145c   0x00000214   Code   RO          166    .text.USART2_IRQHandler  py32md3xx_it.o
    0x08001670   0x08001670   0x00000080   Code   RO          277    .text.UTILS_EnablePLLAndSwitchSystem  py32md3xx_ll_utils.o
    0x080016f0   0x080016f0   0x0000000c   Code   RO          267    .text.UTILS_PLL_IsBusy  py32md3xx_ll_utils.o
    0x080016fc   0x080016fc   0x00000014   Code   RO          100    .text.__NVIC_EnableIRQ  main.o
    0x08001710   0x08001710   0x00000028   Code   RO           98    .text.__NVIC_SetPriority  main.o
    0x08001738   0x08001738   0x00000010   Code   RO          164    .text.fast_cos_q15_raw  py32md3xx_it.o
    0x08001748   0x08001748   0x00000030   Code   RO          162    .text.fast_sin_q15_raw  py32md3xx_it.o
    0x08001778   0x08001778   0x00000074   Code   RO           54    .text.main          main.o
    0x080017ec   0x080017ec   0x000001c4   Code   RO          228    .text.set_PWM_level  foc.o
    0x080019b0   0x080019b0   0x0000000e   Code   RO          822    i.__scatterload_copy  mc_p.l(handlers.o)
    0x080019be   0x080019be   0x00000002   Code   RO          823    i.__scatterload_null  mc_p.l(handlers.o)
    0x080019c0   0x080019c0   0x0000000e   Code   RO          824    i.__scatterload_zeroinit  mc_p.l(handlers.o)
    0x080019ce   0x080019ce   0x00000002   PAD
    0x080019d0   0x080019d0   0x00000040   Data   RO            9    .rodata.AHBPrescTable  system_py32md3xx.o
    0x08001a10   0x08001a10   0x00000020   Data   RO           10    .rodata.APBPrescTable  system_py32md3xx.o
    0x08001a30   0x08001a30   0x00000020   Data   RO           11    .rodata.HSIFreqTable  system_py32md3xx.o
    0x08001a50   0x08001a50   0x00000102   Data   RO          251    .rodata.sin_q15_table_512  trig_q15_func.o
    0x08001b52   0x08001b52   0x00000002   PAD
    0x08001b54   0x08001b54   0x00000020   Data   RO          821    Region$$Table       anon$$obj.o


    Execution Region RW_IRAM1 (Exec base: 0x20000000, Load base: 0x08001b78, Size: 0x000005a8, Max: 0x00002000, ABSOLUTE)

    Exec Addr    Load Addr    Size         Type   Attr      Idx    E Section Name        Object

    0x20000000   0x08001b78   0x000000c0   Data   RW           12    .ARM.__at_0x20000000  system_py32md3xx.o
    0x200000c0   0x08001c38   0x00000001   Data   RW          195    .data.BufferActivated  py32md3xx_it.o
    0x200000c1   0x08001c39   0x00000003   PAD
    0x200000c4   0x08001c3c   0x00000004   Data   RW            8    .data.SystemCoreClock  system_py32md3xx.o
    0x200000c8        -       0x00000001   Zero   RW          196    .bss.BufferRecieve  py32md3xx_it.o
    0x200000c9   0x08001c40   0x00000001   PAD
    0x200000ca        -       0x0000000c   Zero   RW          194    .bss.CommandBuffer  py32md3xx_it.o
    0x200000d6        -       0x00000001   Zero   RW          198    .bss.Speed_subCounter  py32md3xx_it.o
    0x200000d7   0x08001c40   0x00000001   PAD
    0x200000d8        -       0x00000002   Zero   RW          238    .bss.T1             foc.o
    0x200000da        -       0x00000002   Zero   RW          239    .bss.T2             foc.o
    0x200000dc        -       0x00000010   Zero   RW          203    .bss.conf           py32md3xx_it.o
    0x200000ec        -       0x00000002   Zero   RW          199    .bss.d_raw_angle    py32md3xx_it.o
    0x200000ee        -       0x00000002   Zero   RW          201    .bss.electric_angle  py32md3xx_it.o
    0x200000f0        -       0x00000002   Zero   RW          197    .bss.encoder_prev   py32md3xx_it.o
    0x200000f2   0x08001c40   0x00000002   PAD
    0x200000f4        -       0x00000080   Zero   RW          134    .bss.flash_buffer   main.o
    0x20000174        -       0x00000002   Zero   RW          240    .bss.level_u        foc.o
    0x20000176        -       0x00000002   Zero   RW          241    .bss.level_v        foc.o
    0x20000178        -       0x00000002   Zero   RW          242    .bss.level_w        foc.o
    0x2000017a        -       0x00000011   Zero   RW          202    .bss.motor          py32md3xx_it.o
    0x2000018b   0x08001c40   0x00000001   PAD
    0x2000018c        -       0x0000000a   Zero   RW          205    .bss.position       py32md3xx_it.o
    0x20000196        -       0x00000001   Zero   RW          200    .bss.sign           py32md3xx_it.o
    0x20000197   0x08001c40   0x00000001   PAD
    0x20000198        -       0x0000000a   Zero   RW          204    .bss.speed          py32md3xx_it.o
    0x200001a2   0x08001c40   0x00000006   PAD
    0x200001a8        -       0x00000400   Zero   RW           20    STACK               startup_py32md320xx.o


==============================================================================

Image component sizes


      Code (inc. data)   RO Data    RW Data    ZI Data      Debug   Object Name

       628        102          0          0         10       4343   foc.o
      1804        184          0          0        128      14189   main.o
      1408        304          0          1         74       7147   py32md3xx_it.o
       236          0          0          0          0       4349   py32md3xx_ll_gpio.o
       238         16          0          0          0       6402   py32md3xx_ll_rcc.o
       134          8          0          0          0       3390   py32md3xx_ll_spi.o
       822         52          0          0          0      11977   py32md3xx_ll_tim.o
       280          8          0          0          0       5145   py32md3xx_ll_usart.o
       532         44          0          0          0       5818   py32md3xx_ll_utils.o
        28          8        192          0       1024        616   startup_py32md320xx.o
       100         28        128        196          0       2271   system_py32md3xx.o
         0          0        258          0          0        487   trig_q15_func.o

    ----------------------------------------------------------------------
      6228        754        612        200       1248      66134   Object Totals
         0          0         32          0          0          0   (incl. Generated)
        18          0          2          3         12          0   (incl. Padding)

    ----------------------------------------------------------------------

      Code (inc. data)   RO Data    RW Data    ZI Data      Debug   Library Member Name

         0          0          0          0          0          0   entry.o
         0          0          0          0          0          0   entry10a.o
         0          0          0          0          0          0   entry11a.o
         8          4          0          0          0          0   entry2.o
         4          0          0          0          0          0   entry5.o
         0          0          0          0          0          0   entry7b.o
         0          0          0          0          0          0   entry8b.o
         8          4          0          0          0          0   entry9a.o
        30          0          0          0          0          0   handlers.o
        36          8          0          0          0         68   init.o
        36          0          0          0          0        100   memseta.o
        62          0          0          0          0         72   uidiv_div0.o

    ----------------------------------------------------------------------
       188         16          0          0          0        240   Library Totals
         4          0          0          0          0          0   (incl. Padding)

    ----------------------------------------------------------------------

      Code (inc. data)   RO Data    RW Data    ZI Data      Debug   Library Name

       184         16          0          0          0        240   mc_p.l

    ----------------------------------------------------------------------
       188         16          0          0          0        240   Library Totals

    ----------------------------------------------------------------------

==============================================================================


      Code (inc. data)   RO Data    RW Data    ZI Data      Debug   

      6416        770        612        200       1248      66346   Grand Totals
      6416        770        612        200       1248      66346   ELF Image Totals
      6416        770        612        200          0          0   ROM Totals

==============================================================================

    Total RO  Size (Code + RO Data)                 7028 (   6.86kB)
    Total RW  Size (RW Data + ZI Data)              1448 (   1.41kB)
    Total ROM Size (Code + RO Data + RW Data)       7228 (   7.06kB)

==============================================================================

