<html>
<body>
<pre>
<h1>µVision Build Log</h1>
<h2>Tool Versions:</h2>
IDE-Version: ¦ÌVision V5.36.0.0
Copyright (C) 2021 ARM Ltd and ARM Germany GmbH. All rights reserved.
License Information: 1 2, 3, LIC=ATTQ1-CQ4NZ-CXJU6-D3WL7-C4LU1-G8SPI
 
Tool Versions:
Toolchain:       MDK-ARM Plus  Version: 5.36.0.0
Toolchain Path:  E:\Arm\Keil\ARM\ARMCLANG\Bin
C Compiler:      ArmClang.exe V6.16
Assembler:       Armasm.exe V6.16
Linker/Locator:  ArmLink.exe V6.16
Library Manager: ArmAr.exe V6.16
Hex Converter:   FromElf.exe V6.16
CPU DLL:         SARMCM3.DLL V5.36.0.0
Dialog DLL:      DARMCM1.DLL V1.19.4.0
Target DLL:      CMSIS_AGDI.dll V1.33.0.0
Dialog DLL:      TARMCM1.DLL V1.14.4.0
 
<h2>Project:</h2>
E:\projects\PY32MD320_DRIVER\User\PY32MD320xx_Templates_LL\MDK-ARM\Project.uvprojx
Project File Date:  10/04/2025

<h2>Output:</h2>
*** Using Compiler 'V6.16', folder: 'E:\Arm\Keil\ARM\ARMCLANG\Bin'
Rebuild target 'Project'
assembling startup_py32md320xx.s...
compiling py32md3xx_ll_led.c...
compiling system_py32md3xx.c...
compiling py32md3xx_ll_i2c.c...
compiling py32md3xx_ll_utils.c...
compiling trig_q15_func.c...
compiling py32md3xx_ll_crc.c...
compiling py32md3xx_ll_comp.c...
compiling py32md3xx_ll_dma.c...
compiling py32md3xx_ll_lptim.c...
compiling py32md3xx_ll_exti.c...
compiling py32md3xx_ll_gpio.c...
compiling py32md3xx_ll_adc.c...
compiling FOC.c...
compiling main.c...
compiling py32md3xx_it.c...
compiling py32md3xx_ll_pwr.c...
compiling py32md3xx_ll_rcc.c...
compiling py32md3xx_ll_spi.c...
compiling py32md3xx_ll_rtc.c...
compiling py32md3xx_ll_usart.c...
compiling py32md3xx_ll_tim.c...
linking...
Program Size: Code=6416 RO-data=612 RW-data=200 ZI-data=1248  
FromELF: creating hex file...
".\Output\Project.axf" - 0 Error(s), 0 Warning(s).

<h2>Software Packages used:</h2>

Package Vendor: ARM
                https://www.keil.com/pack/ARM.CMSIS.6.2.0.pack
                ARM.CMSIS.6.2.0
                CMSIS (Common Microcontroller Software Interface Standard)
   * Component: CORE Version: 6.1.1

Package Vendor: Puya
                https://www.puyasemi.com/uploadfiles/Puya.PY32Mxxx_DFP.1.0.5.pack
                Puya.PY32Mxxx_DFP.1.0.5
                Puya PY32M Series Device Support

<h2>Collection of Component include folders:</h2>
  .\RTE\_Project
  E:\Arm\packs\ARM\CMSIS\6.2.0\CMSIS\Core\Include
  E:\Arm\packs\Puya\PY32Mxxx_DFP\1.0.5\Drivers\CMSIS\Device\Include

<h2>Collection of Component Files used:</h2>

   * Component: ARM::CMSIS:CORE:6.1.1
Build Time Elapsed:  00:00:01
</pre>
</body>
</html>
